Archive member included because of file (symbol)

c:/devkitpro/devkitarm/bin/../lib/gcc/arm-eabi/4.5.1/../../../../arm-eabi/lib/thumb\libm.a(lib_a-wf_sqrt.o)
                              main.o (sqrtf)
c:/devkitpro/devkitarm/bin/../lib/gcc/arm-eabi/4.5.1/../../../../arm-eabi/lib/thumb\libm.a(lib_a-ef_sqrt.o)
                              c:/devkitpro/devkitarm/bin/../lib/gcc/arm-eabi/4.5.1/../../../../arm-eabi/lib/thumb\libm.a(lib_a-wf_sqrt.o) (__ieee754_sqrtf)
c:/devkitpro/devkitarm/bin/../lib/gcc/arm-eabi/4.5.1/../../../../arm-eabi/lib/thumb\libm.a(lib_a-s_lib_ver.o)
                              c:/devkitpro/devkitarm/bin/../lib/gcc/arm-eabi/4.5.1/../../../../arm-eabi/lib/thumb\libm.a(lib_a-wf_sqrt.o) (__fdlib_version)
c:/devkitpro/devkitarm/bin/../lib/gcc/arm-eabi/4.5.1/../../../../arm-eabi/lib/thumb\libm.a(lib_a-s_matherr.o)
                              c:/devkitpro/devkitarm/bin/../lib/gcc/arm-eabi/4.5.1/../../../../arm-eabi/lib/thumb\libm.a(lib_a-wf_sqrt.o) (matherr)
c:/devkitpro/devkitarm/bin/../lib/gcc/arm-eabi/4.5.1/../../../../arm-eabi/lib/thumb\libm.a(lib_a-sf_fpclassify.o)
                              c:/devkitpro/devkitarm/bin/../lib/gcc/arm-eabi/4.5.1/../../../../arm-eabi/lib/thumb\libm.a(lib_a-wf_sqrt.o) (__fpclassifyf)
c:/devkitpro/devkitarm/bin/../lib/gcc/arm-eabi/4.5.1/thumb\libgcc.a(_udivsi3.o)
                              sound_func.o (__aeabi_uidiv)
c:/devkitpro/devkitarm/bin/../lib/gcc/arm-eabi/4.5.1/thumb\libgcc.a(_divsi3.o)
                              main.o (__aeabi_idiv)
c:/devkitpro/devkitarm/bin/../lib/gcc/arm-eabi/4.5.1/thumb\libgcc.a(_dvmd_tls.o)
                              c:/devkitpro/devkitarm/bin/../lib/gcc/arm-eabi/4.5.1/thumb\libgcc.a(_udivsi3.o) (__aeabi_idiv0)
c:/devkitpro/devkitarm/bin/../lib/gcc/arm-eabi/4.5.1/thumb\libgcc.a(_arm_addsubdf3.o)
                              sound_func.o (__aeabi_ui2d)
c:/devkitpro/devkitarm/bin/../lib/gcc/arm-eabi/4.5.1/thumb\libgcc.a(_arm_muldivdf3.o)
                              sound_func.o (__aeabi_dmul)
c:/devkitpro/devkitarm/bin/../lib/gcc/arm-eabi/4.5.1/thumb\libgcc.a(_arm_fixunsdfsi.o)
                              sound_func.o (__aeabi_d2uiz)
c:/devkitpro/devkitarm/bin/../lib/gcc/arm-eabi/4.5.1/thumb\libgcc.a(_arm_truncdfsf2.o)
                              c:/devkitpro/devkitarm/bin/../lib/gcc/arm-eabi/4.5.1/../../../../arm-eabi/lib/thumb\libm.a(lib_a-wf_sqrt.o) (__aeabi_d2f)
c:/devkitpro/devkitarm/bin/../lib/gcc/arm-eabi/4.5.1/thumb\libgcc.a(_arm_addsubsf3.o)
                              c:/devkitpro/devkitarm/bin/../lib/gcc/arm-eabi/4.5.1/../../../../arm-eabi/lib/thumb\libm.a(lib_a-ef_sqrt.o) (__aeabi_fsub)
c:/devkitpro/devkitarm/bin/../lib/gcc/arm-eabi/4.5.1/thumb\libgcc.a(_arm_muldivsf3.o)
                              c:/devkitpro/devkitarm/bin/../lib/gcc/arm-eabi/4.5.1/../../../../arm-eabi/lib/thumb\libm.a(lib_a-ef_sqrt.o) (__aeabi_fmul)
c:/devkitpro/devkitarm/bin/../lib/gcc/arm-eabi/4.5.1/thumb\libgcc.a(_arm_cmpsf2.o)
                              main.o (__aeabi_fcmpeq)
c:/devkitpro/devkitarm/bin/../lib/gcc/arm-eabi/4.5.1/../../../../arm-eabi/lib/thumb\libg.a(lib_a-errno.o)
                              c:/devkitpro/devkitarm/bin/../lib/gcc/arm-eabi/4.5.1/../../../../arm-eabi/lib/thumb\libm.a(lib_a-wf_sqrt.o) (__errno)
c:/devkitpro/devkitarm/bin/../lib/gcc/arm-eabi/4.5.1/../../../../arm-eabi/lib/thumb\libg.a(lib_a-exit.o)
                              stack.o (exit)
c:/devkitpro/devkitarm/bin/../lib/gcc/arm-eabi/4.5.1/../../../../arm-eabi/lib/thumb\libg.a(lib_a-fwrite.o)
                              stack.o (fwrite)
c:/devkitpro/devkitarm/bin/../lib/gcc/arm-eabi/4.5.1/../../../../arm-eabi/lib/thumb\libg.a(lib_a-impure.o)
                              stack.o (_impure_ptr)
c:/devkitpro/devkitarm/bin/../lib/gcc/arm-eabi/4.5.1/../../../../arm-eabi/lib/thumb\libg.a(lib_a-init.o)
                              c:/devkitpro/devkitarm/bin/../lib/gcc/arm-eabi/4.5.1/../../../../arm-eabi/lib/thumb/gba_crt0.o (__libc_init_array)
c:/devkitpro/devkitarm/bin/../lib/gcc/arm-eabi/4.5.1/../../../../arm-eabi/lib/thumb\libg.a(lib_a-malloc.o)
                              linked_list.o (malloc)
c:/devkitpro/devkitarm/bin/../lib/gcc/arm-eabi/4.5.1/../../../../arm-eabi/lib/thumb\libg.a(lib_a-mallocr.o)
                              c:/devkitpro/devkitarm/bin/../lib/gcc/arm-eabi/4.5.1/../../../../arm-eabi/lib/thumb\libg.a(lib_a-malloc.o) (_malloc_r)
c:/devkitpro/devkitarm/bin/../lib/gcc/arm-eabi/4.5.1/../../../../arm-eabi/lib/thumb\libg.a(lib_a-mlock.o)
                              c:/devkitpro/devkitarm/bin/../lib/gcc/arm-eabi/4.5.1/../../../../arm-eabi/lib/thumb\libg.a(lib_a-mallocr.o) (__malloc_lock)
c:/devkitpro/devkitarm/bin/../lib/gcc/arm-eabi/4.5.1/../../../../arm-eabi/lib/thumb\libg.a(lib_a-rand.o)
                              main.o (rand)
c:/devkitpro/devkitarm/bin/../lib/gcc/arm-eabi/4.5.1/../../../../arm-eabi/lib/thumb\libg.a(lib_a-realloc.o)
                              stack.o (realloc)
[...]
Memory Configuration

Name             Origin             Length             Attributes
rom              0x08000000         0x02000000
iwram            0x03000000         0x00008000
ewram            0x02000000         0x00040000
*default*        0x00000000         0xffffffff

Linker script and memory map

                0x08000000                __text_start = 0x8000000
                0x02040000                __eheap_end = 0x2040000
                0x03000000                __iwram_start = 0x3000000
                0x03008000                __iwram_top = 0x3008000
                0x03007fa0                __sp_irq = (__iwram_top - 0x60)
                0x03007f00                __sp_usr = (__sp_irq - 0xa0)
                0x03007ff8                __irq_flags = 0x3007ff8
                0x08000000                . = __text_start

.init           0x08000000      0x21c
 *(.init)
 .init          0x08000000      0x210 c:/devkitpro/devkitarm/bin/../lib/gcc/arm-eabi/4.5.1/../../../../arm-eabi/lib/thumb/gba_crt0.o
                0x08000000                _start
                0x080000c4                __boot_method
                0x080000c5                __slave_number
                0x080000e0                start_vector
 .init          0x08000210        0x4 c:/devkitpro/devkitarm/bin/../lib/gcc/arm-eabi/4.5.1/thumb/crti.o
                0x08000210                _init
 .init          0x08000214        0x8 c:/devkitpro/devkitarm/bin/../lib/gcc/arm-eabi/4.5.1/thumb/crtn.o
                0x0800021c                . = ALIGN (0x4)

.plt            0x0800021c        0x0
 *(.plt)
                0x0800021c                . = ALIGN (0x4)

.text           0x08000220     0xd360
 *(EXCLUDE_FILE(*.iwram*) .text)
 .text          0x08000220        0x0 c:/devkitpro/devkitarm/bin/../lib/gcc/arm-eabi/4.5.1/../../../../arm-eabi/lib/thumb/gba_crt0.o
 .text          0x08000220        0x0 c:/devkitpro/devkitarm/bin/../lib/gcc/arm-eabi/4.5.1/thumb/crti.o
 .text          0x08000220       0x6c c:/devkitpro/devkitarm/bin/../lib/gcc/arm-eabi/4.5.1/thumb/crtbegin.o
 .text          0x0800028c        0x0 animations.o
 .text          0x0800028c        0x0 dave_tank_sprites.o
 .text          0x0800028c        0x0 dave_zombie_sprites.o
 .text          0x0800028c        0x0 finale.o
 .text          0x0800028c        0x0 finale_shadow.o
 .text          0x0800028c        0x0 font.o
 .text          0x0800028c       0xd4 linked_list.o
                0x0800028c                linked_insert
                0x080002e0                linked_delete
                0x08000330                linked_isEmpty
                0x08000338                linked_print
                0x08000348                compare_ints
 .text          0x08000360     0x9980 main.o
                0x08000360                DrawPixel3
                0x08000378                keyPoll
                0x0800039c                keyIsDown
                0x080003a8                keyIsUp
                0x080003b4                keyWasDown
                0x080003c0                keyWasUp
                0x080003cc                keyTransition
                0x080003e4                keyHeld
                0x080003fc                keyHit
                0x08000414                keyReleased
                0x0800042c                DrawLine3
                0x08000540                DrawCircle3
                0x080006ac                DrawCircleFull3
                0x080009c0                DrawBox3
                0x08000a9c                DrawBoxEmpty3
                0x08000d54                DrawPixel4
                0x08000d90                WaitVBlank
                0x08000da4                FlipPage
                0x08000dd0                DrawBmp4
                0x08000e90                DrawBmp3
                0x08000f20                DrawChar
                0x08000fbc                findOffset
                0x0800104c                Print
                0x080011f0                DMAFastCopy
                0x08001228                UpdateSpriteMemory
                0x08001254                getSpeed
                0x080012a8                getRange
                0x08001300                getAttackPower
                0x08001350                getSpecialRange
                0x080013a0                draw_world
                0x080013c0                bg_init
                0x08001414                bg_loadTile
                0x0800145c                isValidMapPosition
                0x08001488                bg_drawMoveableSquare
                0x08001520                bg_drawMoveableSquares
                0x080017f4                bg_clearMoveable
                0x08001938                bg_updateMoveable
                0x08001968                bg_tileOccupied
                0x080019b4                bg_tileOccupiedByPlayer
                0x08001a00                bg_drawAttackableSquares
                0x08001e9c                bg_drawRangeSquares
                0x08001f7c                sprite_init
                0x080028e8                sprite_init_tank
                0x08002950                sprite_init_gren
                0x080029fc                sprite_init_snip
                0x08002ad4                sprite_init_heal
                0x08002bc8                sprite_init_zomb
                0x08002c60                sprite_init_spit
                0x08002cfc                sprite_setPos
                0x08002d0c                sprite_setTilePos
                0x08002d20                sprite_setImage
                0x08002d68                sprite_resetImage
                0x08002d84                sprite_draw
                0x08002de0                sprite_updateAll
                0x08002eec                bg_centerOver
                0x08002fe4                bg_drawSniperRange
                0x08003194                bg_drawSelectableRange
                0x08003204                bg_drawMoveableArea
                0x080032b8                sprite_moveDown
                0x080033d8                sprite_moveUp
                0x080034f4                sprite_moveRight
                0x08003624                sprite_moveLeft
                0x08003744                sprite_moveCursor
                0x0800383c                PathFinder
                0x08003ad8                sprite_findPath
                0x08003ce0                sprite_Attack
                0x080041e4                findSpriteIndex
                0x08004220                findAnimOffset
                0x08004278                findGotHitOffset
                0x080042d0                sprite_zombie_attack
                0x08004770                sprite_zombie_spit
                0x08004da4                sprite_zombie_move
                0x08005390                sprite_gren_special
                0x08005f4c                sprite_snip_special
                0x08006ac0                sprite_tank_special
                0x08007b98                getTankSpecialOffset
                0x08007bd8                sprite_heal_special
                0x08007f90                tc_init
                0x08007fc8                tc_getNext
                0x08008040                tc_updateTc
                0x08008158                ui_updateStatus
                0x080084c8                bg_scroll
                0x08008628                bg_load
                0x08008920                ui_draw
                0x080089d0                tty_printChar
                0x08008a00                getIndex
                0x08008a04                gs_init
                0x08008a08                main
 .text          0x08009ce0        0x0 master_pal_bgs.o
 .text          0x08009ce0        0x0 master_pal_spr.o
 .text          0x08009ce0        0x0 park.o
 .text          0x08009ce0        0x0 park_shadow.o
 .text          0x08009ce0        0x0 pizza.o
 .text          0x08009ce0        0x0 pizza_shadow.o
 .text          0x08009ce0        0x0 scott_char.o
 .text          0x08009ce0        0x0 scott_zomb.o
 .text          0x08009ce0        0x0 sean_grenadier.o
 .text          0x08009ce0        0x0 showmoves.o
 .text          0x08009ce0        0x0 sound.o
 .text          0x08009ce0       0xc0 sound_func.o
                0x08009ce0                init_sound
                0x08009d1c                PlaySound
 .text          0x08009da0       0xdc stack.o
                0x08009da0                stack_init
                0x08009dbc                stack_push
                0x08009df0                stack_size
                0x08009df8                stack_pop
                0x08009e30                stack_peek
                0x08009e64                stack_empty
                0x08009e6c                stack_free
 .text          0x08009e7c        0x0 thomas_all_chars.o
 *fill*         0x08009e7c        0x4 ff
 .text          0x08009e80       0xb8 c:/devkitpro/devkitarm/bin/../lib/gcc/arm-eabi/4.5.1/../../../../arm-eabi/lib/thumb\libm.a(lib_a-wf_sqrt.o)
                0x08009e80                sqrtf
 .text          0x08009f38       0xb8 c:/devkitpro/devkitarm/bin/../lib/gcc/arm-eabi/4.5.1/../../../../arm-eabi/lib/thumb\libm.a(lib_a-ef_sqrt.o)
                0x08009f38                __ieee754_sqrtf
 .text          0x08009ff0        0x0 c:/devkitpro/devkitarm/bin/../lib/gcc/arm-eabi/4.5.1/../../../../arm-eabi/lib/thumb\libm.a(lib_a-s_lib_ver.o)
 .text          0x08009ff0        0x4 c:/devkitpro/devkitarm/bin/../lib/gcc/arm-eabi/4.5.1/../../../../arm-eabi/lib/thumb\libm.a(lib_a-s_matherr.o)
                0x08009ff0                matherr
 .text          0x08009ff4       0x88 c:/devkitpro/devkitarm/bin/../lib/gcc/arm-eabi/4.5.1/../../../../arm-eabi/lib/thumb\libm.a(lib_a-sf_fpclassify.o)
                0x08009ff4                __fpclassifyf
 .text          0x0800a07c      0x11c c:/devkitpro/devkitarm/bin/../lib/gcc/arm-eabi/4.5.1/thumb\libgcc.a(_udivsi3.o)
                0x0800a07c                __aeabi_uidiv
                0x0800a07c                __udivsi3
                0x0800a178                __aeabi_uidivmod
 .text          0x0800a198      0x150 c:/devkitpro/devkitarm/bin/../lib/gcc/arm-eabi/4.5.1/thumb\libgcc.a(_divsi3.o)
                0x0800a198                __divsi3
                0x0800a198                __aeabi_idiv
                0x0800a2c8                __aeabi_idivmod
 .text          0x0800a2e8        0x4 c:/devkitpro/devkitarm/bin/../lib/gcc/arm-eabi/4.5.1/thumb\libgcc.a(_dvmd_tls.o)
                0x0800a2e8                __aeabi_idiv0
                0x0800a2e8                __aeabi_ldiv0
 .text          0x0800a2ec      0x41c c:/devkitpro/devkitarm/bin/../lib/gcc/arm-eabi/4.5.1/thumb\libgcc.a(_arm_addsubdf3.o)
                0x0800a2ec                __aeabi_drsub
                0x0800a2f4                __aeabi_dsub
                0x0800a2f4                __subdf3
                0x0800a2f8                __aeabi_dadd
                0x0800a2f8                __adddf3
                0x0800a608                __floatunsidf
                0x0800a608                __aeabi_ui2d
                0x0800a62c                __floatsidf
                0x0800a62c                __aeabi_i2d
                0x0800a654                __aeabi_f2d
                0x0800a654                __extendsfdf2
                0x0800a694                __floatundidf
                0x0800a694                __aeabi_ul2d
                0x0800a6a8                __floatdidf
                0x0800a6a8                __aeabi_l2d
 .text          0x0800a708      0x49c c:/devkitpro/devkitarm/bin/../lib/gcc/arm-eabi/4.5.1/thumb\libgcc.a(_arm_muldivdf3.o)
                0x0800a708                __aeabi_dmul
                0x0800a708                __muldf3
                0x0800a998                __divdf3
                0x0800a998                __aeabi_ddiv
 .text          0x0800aba4       0x54 c:/devkitpro/devkitarm/bin/../lib/gcc/arm-eabi/4.5.1/thumb\libgcc.a(_arm_fixunsdfsi.o)
                0x0800aba4                __aeabi_d2uiz
                0x0800aba4                __fixunsdfsi
 .text          0x0800abf8       0xa0 c:/devkitpro/devkitarm/bin/../lib/gcc/arm-eabi/4.5.1/thumb\libgcc.a(_arm_truncdfsf2.o)
                0x0800abf8                __truncdfsf2
                0x0800abf8                __aeabi_d2f
 .text          0x0800ac98      0x2ac c:/devkitpro/devkitarm/bin/../lib/gcc/arm-eabi/4.5.1/thumb\libgcc.a(_arm_addsubsf3.o)
                0x0800ac98                __aeabi_frsub
                0x0800aca0                __subsf3
                0x0800aca0                __aeabi_fsub
                0x0800aca4                __aeabi_fadd
                0x0800aca4                __addsf3
                0x0800ae60                __aeabi_ui2f
                0x0800ae60                __floatunsisf
                0x0800ae68                __aeabi_i2f
                0x0800ae68                __floatsisf
                0x0800ae88                __aeabi_ul2f
                0x0800ae88                __floatundisf
                0x0800ae98                __aeabi_l2f
                0x0800ae98                __floatdisf
 .text          0x0800af44      0x2f8 c:/devkitpro/devkitarm/bin/../lib/gcc/arm-eabi/4.5.1/thumb\libgcc.a(_arm_muldivsf3.o)
                0x0800af44                __mulsf3
                0x0800af44                __aeabi_fmul
                0x0800b0dc                __aeabi_fdiv
                0x0800b0dc                __divsf3
 .text          0x0800b23c      0x114 c:/devkitpro/devkitarm/bin/../lib/gcc/arm-eabi/4.5.1/thumb\libgcc.a(_arm_cmpsf2.o)
                0x0800b23c                __gesf2
                0x0800b23c                __gtsf2
                0x0800b244                __lesf2
                0x0800b244                __ltsf2
                0x0800b24c                __nesf2
                0x0800b24c                __eqsf2
                0x0800b24c                __cmpsf2
                0x0800b2b0                __aeabi_cfrcmple
                0x0800b2c0                __aeabi_cfcmpeq
                0x0800b2c0                __aeabi_cfcmple
                0x0800b2d8                __aeabi_fcmpeq
                0x0800b2f0                __aeabi_fcmplt
                0x0800b308                __aeabi_fcmple
                0x0800b320                __aeabi_fcmpge
                0x0800b338                __aeabi_fcmpgt
 .text          0x0800b350        0xc c:/devkitpro/devkitarm/bin/../lib/gcc/arm-eabi/4.5.1/../../../../arm-eabi/lib/thumb\libg.a(lib_a-errno.o)
                0x0800b350                __errno
 .text          0x0800b35c       0x28 c:/devkitpro/devkitarm/bin/../lib/gcc/arm-eabi/4.5.1/../../../../arm-eabi/lib/thumb\libg.a(lib_a-exit.o)
                0x0800b35c                exit
 .text          0x0800b384       0xa4 c:/devkitpro/devkitarm/bin/../lib/gcc/arm-eabi/4.5.1/../../../../arm-eabi/lib/thumb\libg.a(lib_a-fwrite.o)
                0x0800b384                _fwrite_r
                0x0800b400                fwrite
 .text          0x0800b428        0x0 c:/devkitpro/devkitarm/bin/../lib/gcc/arm-eabi/4.5.1/../../../../arm-eabi/lib/thumb\libg.a(lib_a-impure.o)
 .text          0x0800b428       0x88 c:/devkitpro/devkitarm/bin/../lib/gcc/arm-eabi/4.5.1/../../../../arm-eabi/lib/thumb\libg.a(lib_a-init.o)
                0x0800b428                __libc_init_array
                0x0800b478                __libc_fini_array
 .text          0x0800b4b0       0x30 c:/devkitpro/devkitarm/bin/../lib/gcc/arm-eabi/4.5.1/../../../../arm-eabi/lib/thumb\libg.a(lib_a-malloc.o)
                0x0800b4b0                malloc
                0x0800b4c8                free
 .text          0x0800b4e0      0x518 c:/devkitpro/devkitarm/bin/../lib/gcc/arm-eabi/4.5.1/../../../../arm-eabi/lib/thumb\libg.a(lib_a-mallocr.o)
                0x0800b4e0                _malloc_r
 .text          0x0800b9f8        0x8 c:/devkitpro/devkitarm/bin/../lib/gcc/arm-eabi/4.5.1/../../../../arm-eabi/lib/thumb\libg.a(lib_a-mlock.o)
                0x0800b9f8                __malloc_lock
                0x0800b9fc                __malloc_unlock
 .text          0x0800ba00       0x50 c:/devkitpro/devkitarm/bin/../lib/gcc/arm-eabi/4.5.1/../../../../arm-eabi/lib/thumb\libg.a(lib_a-rand.o)
                0x0800ba00                srand
                0x0800ba14                rand
 .text          0x0800ba50       0x1c c:/devkitpro/devkitarm/bin/../lib/gcc/arm-eabi/4.5.1/../../../../arm-eabi/lib/thumb\libg.a(lib_a-realloc.o)
                0x0800ba50                realloc
 .text          0x0800ba6c      0x41c c:/devkitpro/devkitarm/bin/../lib/gcc/arm-eabi/4.5.1/../../../../arm-eabi/lib/thumb\libg.a(lib_a-reallocr.o)
                0x0800ba6c                _realloc_r
 .text          0x0800be88      0x108 c:/devkitpro/devkitarm/bin/../lib/gcc/arm-eabi/4.5.1/../../../../arm-eabi/lib/thumb\libg.a(lib_a-__call_atexit.o)
                0x0800be88                __call_exitprocs
 .text          0x0800bf90      0x238 c:/devkitpro/devkitarm/bin/../lib/gcc/arm-eabi/4.5.1/../../../../arm-eabi/lib/thumb\libg.a(lib_a-findfp.o)
                0x0800bf98                _cleanup_r
                0x0800bfac                __sfmoreglue
                0x0800bfdc                _cleanup
                0x0800bff0                __sinit
                0x0800c0f0                __sfp
                0x0800c180                __sfp_lock_acquire
                0x0800c184                __sfp_lock_release
                0x0800c188                __sinit_lock_acquire
                0x0800c18c                __sinit_lock_release
                0x0800c190                __fp_lock_all
                0x0800c1ac                __fp_unlock_all
 .text          0x0800c1c8      0x244 c:/devkitpro/devkitarm/bin/../lib/gcc/arm-eabi/4.5.1/../../../../arm-eabi/lib/thumb\libg.a(lib_a-freer.o)
                0x0800c1c8                _malloc_trim_r
                0x0800c26c                _free_r
 .text          0x0800c40c      0x33c c:/devkitpro/devkitarm/bin/../lib/gcc/arm-eabi/4.5.1/../../../../arm-eabi/lib/thumb\libg.a(lib_a-fvwrite.o)
                0x0800c40c                __sfvwrite_r
 .text          0x0800c748       0xbc c:/devkitpro/devkitarm/bin/../lib/gcc/arm-eabi/4.5.1/../../../../arm-eabi/lib/thumb\libg.a(lib_a-fwalk.o)
                0x0800c748                _fwalk
                0x0800c7a0                _fwalk_reent
 .text          0x0800c804       0x98 c:/devkitpro/devkitarm/bin/../lib/gcc/arm-eabi/4.5.1/../../../../arm-eabi/lib/thumb\libg.a(lib_a-memchr.o)
                0x0800c804                memchr
 .text          0x0800c89c       0x84 c:/devkitpro/devkitarm/bin/../lib/gcc/arm-eabi/4.5.1/../../../../arm-eabi/lib/thumb\libg.a(lib_a-memcpy.o)
                0x0800c89c                memcpy
 .text          0x0800c920       0xa4 c:/devkitpro/devkitarm/bin/../lib/gcc/arm-eabi/4.5.1/../../../../arm-eabi/lib/thumb\libg.a(lib_a-memmove.o)
                0x0800c920                memmove
 .text          0x0800c9c4       0x94 c:/devkitpro/devkitarm/bin/../lib/gcc/arm-eabi/4.5.1/../../../../arm-eabi/lib/thumb\libg.a(lib_a-memset.o)
                0x0800c9c4                memset
 .text          0x0800ca58       0xac c:/devkitpro/devkitarm/bin/../lib/gcc/arm-eabi/4.5.1/../../../../arm-eabi/lib/thumb\libg.a(lib_a-stdio.o)
                0x0800ca58                __sread
                0x0800ca84                __seofread
                0x0800ca88                __swrite
                0x0800cac4                __sseek
                0x0800caf4                __sclose
 .text          0x0800cb04       0xc4 c:/devkitpro/devkitarm/bin/../lib/gcc/arm-eabi/4.5.1/../../../../arm-eabi/lib/thumb\libg.a(lib_a-wsetup.o)
                0x0800cb04                __swsetup_r
 .text          0x0800cbc8       0xc0 c:/devkitpro/devkitarm/bin/../lib/gcc/arm-eabi/4.5.1/../../../../arm-eabi/lib/thumb\libg.a(lib_a-fclose.o)
                0x0800cbc8                _fclose_r
                0x0800cc6c                fclose
 .text          0x0800cc88      0x18c c:/devkitpro/devkitarm/bin/../lib/gcc/arm-eabi/4.5.1/../../../../arm-eabi/lib/thumb\libg.a(lib_a-fflush.o)
                0x0800cc88                _fflush_r
                0x0800cde4                fflush
 .text          0x0800ce14       0xe8 c:/devkitpro/devkitarm/bin/../lib/gcc/arm-eabi/4.5.1/../../../../arm-eabi/lib/thumb\libg.a(lib_a-makebuf.o)
                0x0800ce14                __smakebuf_r
 .text          0x0800cefc       0x54 c:/devkitpro/devkitarm/bin/../lib/gcc/arm-eabi/4.5.1/../../../../arm-eabi/lib/thumb\libsysbase.a(close.o)
                0x0800cefc                _close_r
 .text          0x0800cf50       0x58 c:/devkitpro/devkitarm/bin/../lib/gcc/arm-eabi/4.5.1/../../../../arm-eabi/lib/thumb\libsysbase.a(fstat.o)
                0x0800cf50                _fstat_r
 .text          0x0800cfa8        0x4 c:/devkitpro/devkitarm/bin/../lib/gcc/arm-eabi/4.5.1/../../../../arm-eabi/lib/thumb\libsysbase.a(isatty.o)
                0x0800cfa8                _isatty_r
 .text          0x0800cfac       0x54 c:/devkitpro/devkitarm/bin/../lib/gcc/arm-eabi/4.5.1/../../../../arm-eabi/lib/thumb\libsysbase.a(lseek.o)
                0x0800cfac                _lseek_r
 .text          0x0800d000       0x54 c:/devkitpro/devkitarm/bin/../lib/gcc/arm-eabi/4.5.1/../../../../arm-eabi/lib/thumb\libsysbase.a(read.o)
                0x0800d000                _read_r
 .text          0x0800d054       0x54 c:/devkitpro/devkitarm/bin/../lib/gcc/arm-eabi/4.5.1/../../../../arm-eabi/lib/thumb\libsysbase.a(sbrk.o)
                0x0800d054                _sbrk_r
 .text          0x0800d0a8       0x54 c:/devkitpro/devkitarm/bin/../lib/gcc/arm-eabi/4.5.1/../../../../arm-eabi/lib/thumb\libsysbase.a(write.o)
                0x0800d0a8                _write_r
 .text          0x0800d0fc       0x18 c:/devkitpro/devkitarm/bin/../lib/gcc/arm-eabi/4.5.1/../../../../arm-eabi/lib/thumb\libsysbase.a(_exit.o)
                0x0800d0fc                _exit
 .text          0x0800d114        0x0 c:/devkitpro/devkitarm/bin/../lib/gcc/arm-eabi/4.5.1/../../../../arm-eabi/lib/thumb\libsysbase.a(malloc_vars.o)
 .text          0x0800d114        0x0 c:/devkitpro/devkitarm/bin/../lib/gcc/arm-eabi/4.5.1/../../../../arm-eabi/lib/thumb\libsysbase.a(syscall_support.o)
 .text          0x0800d114       0x80 c:/devkitpro/devkitarm/bin/../lib/gcc/arm-eabi/4.5.1/../../../../arm-eabi/lib/thumb\libsysbase.a(handle_manager.o)
                0x0800d114                __release_handle
                0x0800d140                __alloc_handle
                0x0800d178                __get_handle
 .text          0x0800d194      0x144 c:/devkitpro/devkitarm/bin/../lib/gcc/arm-eabi/4.5.1/../../../../arm-eabi/lib/thumb\libsysbase.a(iosupport.o)
                0x0800d194                setDefaultDevice
                0x0800d1a8                FindDevice
                0x0800d218                RemoveDevice
                0x0800d23c                AddDevice
                0x0800d2b8                GetDeviceOpTab
 .text          0x0800d2d8       0x4c c:/devkitpro/devkitarm/bin/../lib/gcc/arm-eabi/4.5.1/thumb\libgcc.a(_muldi3.o)
                0x0800d2d8                __muldi3
                0x0800d2d8                __aeabi_lmul
 .text          0x0800d324       0xe8 c:/devkitpro/devkitarm/bin/../lib/gcc/arm-eabi/4.5.1/../../../../arm-eabi/lib/thumb\libg.a(lib_a-strchr.o)
                0x0800d324                strchr
 .text          0x0800d40c       0x14 c:/devkitpro/devkitarm/bin/../lib/gcc/arm-eabi/4.5.1/../../../../arm-eabi/lib/thumb\libg.a(lib_a-strcmp.o)
                0x0800d40c                strcmp
 .text          0x0800d420       0x10 c:/devkitpro/devkitarm/bin/../lib/gcc/arm-eabi/4.5.1/../../../../arm-eabi/lib/thumb\libg.a(lib_a-strlen.o)
                0x0800d420                strlen
 .text          0x0800d430       0xc0 c:/devkitpro/devkitarm/bin/../lib/gcc/arm-eabi/4.5.1/../../../../arm-eabi/lib/thumb\libg.a(lib_a-strncmp.o)
                0x0800d430                strncmp
 .text          0x0800d4f0        0x0 c:/devkitpro/devkitarm/bin/../lib/gcc/arm-eabi/4.5.1/thumb/crtend.o
 .text          0x0800d4f0        0x0 c:/devkitpro/devkitarm/bin/../lib/gcc/arm-eabi/4.5.1/thumb/crtn.o
 *(.text .stub .text.* .gnu.linkonce.t.*)
 .text          0x0800d4f0        0x0 sound_interupts.iwram.o
 .text.stub     0x0800d4f0       0x8c linker stubs
 *(.text.*personality*)
 *(.gnu.warning)
 *(.glue_7t)
 .glue_7t       0x00000000        0x0 linker stubs
 *(.glue_7)
 .glue_7        0x00000000        0x0 linker stubs
 *(.vfp11_veneer)
 .vfp11_veneer  0x00000000        0x0 linker stubs
                0x0800d57c                . = ALIGN (0x4)
                0x0800d57c                __text_end = .

.v4_bx          0x0800d580        0x0
 .v4_bx         0x00000000        0x0 linker stubs

.fini           0x0800d580        0xc
 *(.fini)
 .fini          0x0800d580        0x4 c:/devkitpro/devkitarm/bin/../lib/gcc/arm-eabi/4.5.1/thumb/crti.o
                0x0800d580                _fini
 .fini          0x0800d584        0x8 c:/devkitpro/devkitarm/bin/../lib/gcc/arm-eabi/4.5.1/thumb/crtn.o
                0x0800d58c                . = ALIGN (0x4)

.rodata         0x0800d58c    0xe7a44
 *(.rodata)
 .rodata        0x0800d58c      0xc00 animations.o
                0x0800d58c                animationsTiles
 .rodata        0x0800e18c     0x1400 dave_tank_sprites.o
                0x0800e18c                dave_tank_spritesTiles
 .rodata        0x0800f58c     0x1100 dave_zombie_sprites.o
                0x0800f58c                dave_zombie_spritesTiles
 .rodata        0x0801068c    0x40000 finale.o
                0x0801068c                finaleTiles
 .rodata        0x0805068c    0x40000 finale_shadow.o
                0x0805068c                finale_shadowTiles
 .rodata        0x0809068c     0x10c8 font.o
                0x0809068c                fontTiles
                0x080916cc                fontMap
 .rodata        0x08091754       0x24 main.o
                0x08091754                the_sprites_lengths
                0x08091770                screen_width
                0x08091774                screen_height
 .rodata        0x08091778       0x68 master_pal_bgs.o
                0x08091778                master_pal_bgsPal
 .rodata        0x080917e0       0x54 master_pal_spr.o
                0x080917e0                master_pal_sprPal
 .rodata        0x08091834     0x1700 park.o
                0x08091834                parkTiles
                0x08092734                parkMap
 .rodata        0x08092f34      0x880 park_shadow.o
                0x08092f34                park_shadowTiles
                0x08092fb4                park_shadowMap
 .rodata        0x080937b4    0x20000 pizza.o
                0x080937b4                pizzaTiles
 .rodata        0x080b37b4    0x20000 pizza_shadow.o
                0x080b37b4                pizza_shadowTiles
 .rodata        0x080d37b4     0x1100 scott_char.o
                0x080d37b4                scott_charTiles
 .rodata        0x080d48b4     0x1100 scott_zomb.o
                0x080d48b4                scott_zombTiles
 .rodata        0x080d59b4     0x1100 sean_grenadier.o
                0x080d59b4                sean_grenadierTiles
 .rodata        0x080d6ab4      0x290 showmoves.o
                0x080d6ab4                showmovesTiles
                0x080d6b34                showmovesMap
                0x080d6b44                showmovesPal
 .rodata        0x080d6d44    0x1cf04 sound.o
                0x080d6d44                _bigGunSound
                0x080d9fc4                bigGunSound
                0x080d9fd0                _clickSound
                0x080db1d0                clickSound
                0x080db1dc                _explosionSound
                0x080e08bc                explosionSound
                0x080e08c8                _smallGunSound
                0x080e2788                smallGunSound
                0x080e2794                _spitSound
                0x080e7044                spitSound
                0x080e7050                _walkSound
                0x080eef70                walkSound
                0x080eef7c                _growlSound
                0x080f3c3c                growlSound
 .rodata        0x080f3c48     0x1300 thomas_all_chars.o
                0x080f3c48                thomas_all_charsTiles
 .rodata        0x080f4f48        0x4 c:/devkitpro/devkitarm/bin/../lib/gcc/arm-eabi/4.5.1/../../../../arm-eabi/lib/thumb\libg.a(lib_a-impure.o)
                0x080f4f48                _global_impure_ptr
 .rodata        0x080f4f4c       0x64 c:/devkitpro/devkitarm/bin/../lib/gcc/arm-eabi/4.5.1/../../../../arm-eabi/lib/thumb\libsysbase.a(iosupport.o)
                0x080f4f4c                dotab_stdnull
 *all.rodata*(*)
 *(.roda)
 *(.rodata.*)
 .rodata.str1.4
                0x080f4fb0        0xc stack.o
 .rodata.str1.4
                0x080f4fbc        0x6 c:/devkitpro/devkitarm/bin/../lib/gcc/arm-eabi/4.5.1/../../../../arm-eabi/lib/thumb\libm.a(lib_a-wf_sqrt.o)
                                  0x8 (size before relaxing)
 *fill*         0x080f4fc2        0x2 ff
 .rodata.str1.4
                0x080f4fc4        0x2 c:/devkitpro/devkitarm/bin/../lib/gcc/arm-eabi/4.5.1/../../../../arm-eabi/lib/thumb\libg.a(lib_a-impure.o)
                                  0x4 (size before relaxing)
 *fill*         0x080f4fc6        0x2 ff
 .rodata.str1.4
                0x080f4fc8        0x8 c:/devkitpro/devkitarm/bin/../lib/gcc/arm-eabi/4.5.1/../../../../arm-eabi/lib/thumb\libsysbase.a(iosupport.o)
 *(.gnu.linkonce.r*)
                0x080f4fd0                . = ALIGN (0x4)

.ARM.extab
 *(.ARM.extab* .gnu.linkonce.armextab.*)
                0x080f4fd0                __exidx_start = .

.ARM.exidx
 *(.ARM.exidx* .gnu.linkonce.armexidx.*)
                0x080f4fd0                __exidx_end = .

.ctors          0x080f4fd0        0x0
 *crtbegin.o(.ctors)
 *(EXCLUDE_FILE(*crtend.o) .ctors)
 *(SORT(.ctors.*))
 *(.ctors)
                0x080f4fd0                . = ALIGN (0x4)

.dtors          0x080f4fd0        0x0
 *crtbegin.o(.dtors)
 *(EXCLUDE_FILE(*crtend.o) .dtors)
 *(SORT(.dtors.*))
 *(.dtors)
                0x080f4fd0                . = ALIGN (0x4)

.eh_frame       0x080f4fd0        0x4
 *(.eh_frame)
 .eh_frame      0x080f4fd0        0x0 c:/devkitpro/devkitarm/bin/../lib/gcc/arm-eabi/4.5.1/thumb/crtbegin.o
 .eh_frame      0x080f4fd0        0x4 c:/devkitpro/devkitarm/bin/../lib/gcc/arm-eabi/4.5.1/thumb/crtend.o
                0x080f4fd4                . = ALIGN (0x4)

.gcc_except_table
                0x080f4fd4        0x0
 *(.gcc_except_table)
                0x080f4fd4                . = ALIGN (0x4)
                0x080f4fd4                __iwram_lma = .

.iwram          0x03000000       0x6c load address 0x080f4fd4
                0x03000000                __iwram_start = ABSOLUTE (.)
 *(.iwram)
 .iwram         0x03000000       0x6c sound_interupts.iwram.o
                0x03000000                MyHandler
 *iwram.*(.text)
                0x0300006c                . = ALIGN (0x4)
                0x0300006c                __iwram_end = ABSOLUTE (.)
                0x080f5040                __data_lma = (__iwram_lma + SIZEOF (.iwram))

.bss            0x0300006c     0x34ec
                0x0300006c                __bss_start = ABSOLUTE (.)
                0x0300006c                __bss_start__ = ABSOLUTE (.)
 *(.dynbss)
 *(.gnu.linkonce.b*)
 *(.bss*)
 .bss           0x0300006c        0x0 c:/devkitpro/devkitarm/bin/../lib/gcc/arm-eabi/4.5.1/../../../../arm-eabi/lib/thumb/gba_crt0.o
 .bss           0x0300006c        0x0 c:/devkitpro/devkitarm/bin/../lib/gcc/arm-eabi/4.5.1/thumb/crti.o
 .bss           0x0300006c       0x1c c:/devkitpro/devkitarm/bin/../lib/gcc/arm-eabi/4.5.1/thumb/crtbegin.o
 .bss           0x03000088        0x0 animations.o
 .bss           0x03000088        0x0 dave_tank_sprites.o
 .bss           0x03000088        0x0 dave_zombie_sprites.o
 .bss           0x03000088        0x0 finale.o
 .bss           0x03000088        0x0 finale_shadow.o
 .bss           0x03000088        0x0 font.o
 .bss           0x03000088        0x0 linked_list.o
 .bss           0x03000088        0xc main.o
                0x03000088                head
                0x0300008c                delta_y
                0x03000090                delta_x
 .bss           0x03000094        0x0 master_pal_bgs.o
 .bss           0x03000094        0x0 master_pal_spr.o
 .bss           0x03000094        0x0 park.o
 .bss           0x03000094        0x0 park_shadow.o
 .bss           0x03000094        0x0 pizza.o
 .bss           0x03000094        0x0 pizza_shadow.o
 .bss           0x03000094        0x0 scott_char.o
 .bss           0x03000094        0x0 scott_zomb.o
 .bss           0x03000094        0x0 sean_grenadier.o
 .bss           0x03000094        0x0 showmoves.o
 .bss           0x03000094        0x0 sound.o
 .bss           0x03000094        0x0 sound_func.o
 .bss           0x03000094        0x0 sound_interupts.iwram.o
 .bss           0x03000094        0x0 stack.o
 .bss           0x03000094        0x0 thomas_all_chars.o
 .bss           0x03000094        0x0 c:/devkitpro/devkitarm/bin/../lib/gcc/arm-eabi/4.5.1/../../../../arm-eabi/lib/thumb\libm.a(lib_a-wf_sqrt.o)
 .bss           0x03000094        0x0 c:/devkitpro/devkitarm/bin/../lib/gcc/arm-eabi/4.5.1/../../../../arm-eabi/lib/thumb\libm.a(lib_a-ef_sqrt.o)
 .bss           0x03000094        0x0 c:/devkitpro/devkitarm/bin/../lib/gcc/arm-eabi/4.5.1/../../../../arm-eabi/lib/thumb\libm.a(lib_a-s_lib_ver.o)
 .bss           0x03000094        0x0 c:/devkitpro/devkitarm/bin/../lib/gcc/arm-eabi/4.5.1/../../../../arm-eabi/lib/thumb\libm.a(lib_a-s_matherr.o)
 .bss           0x03000094        0x0 c:/devkitpro/devkitarm/bin/../lib/gcc/arm-eabi/4.5.1/../../../../arm-eabi/lib/thumb\libm.a(lib_a-sf_fpclassify.o)
 .bss           0x03000094        0x0 c:/devkitpro/devkitarm/bin/../lib/gcc/arm-eabi/4.5.1/thumb\libgcc.a(_udivsi3.o)
 .bss           0x03000094        0x0 c:/devkitpro/devkitarm/bin/../lib/gcc/arm-eabi/4.5.1/thumb\libgcc.a(_divsi3.o)
 .bss           0x03000094        0x0 c:/devkitpro/devkitarm/bin/../lib/gcc/arm-eabi/4.5.1/thumb\libgcc.a(_dvmd_tls.o)
 .bss           0x03000094        0x0 c:/devkitpro/devkitarm/bin/../lib/gcc/arm-eabi/4.5.1/thumb\libgcc.a(_arm_addsubdf3.o)
 .bss           0x03000094        0x0 c:/devkitpro/devkitarm/bin/../lib/gcc/arm-eabi/4.5.1/thumb\libgcc.a(_arm_muldivdf3.o)
 .bss           0x03000094        0x0 c:/devkitpro/devkitarm/bin/../lib/gcc/arm-eabi/4.5.1/thumb\libgcc.a(_arm_fixunsdfsi.o)
 .bss           0x03000094        0x0 c:/devkitpro/devkitarm/bin/../lib/gcc/arm-eabi/4.5.1/thumb\libgcc.a(_arm_truncdfsf2.o)
 .bss           0x03000094        0x0 c:/devkitpro/devkitarm/bin/../lib/gcc/arm-eabi/4.5.1/thumb\libgcc.a(_arm_addsubsf3.o)
 .bss           0x03000094        0x0 c:/devkitpro/devkitarm/bin/../lib/gcc/arm-eabi/4.5.1/thumb\libgcc.a(_arm_muldivsf3.o)
 .bss           0x03000094        0x0 c:/devkitpro/devkitarm/bin/../lib/gcc/arm-eabi/4.5.1/thumb\libgcc.a(_arm_cmpsf2.o)
 .bss           0x03000094        0x0 c:/devkitpro/devkitarm/bin/../lib/gcc/arm-eabi/4.5.1/../../../../arm-eabi/lib/thumb\libg.a(lib_a-errno.o)
 .bss           0x03000094        0x0 c:/devkitpro/devkitarm/bin/../lib/gcc/arm-eabi/4.5.1/../../../../arm-eabi/lib/thumb\libg.a(lib_a-exit.o)
 .bss           0x03000094        0x0 c:/devkitpro/devkitarm/bin/../lib/gcc/arm-eabi/4.5.1/../../../../arm-eabi/lib/thumb\libg.a(lib_a-fwrite.o)
 .bss           0x03000094        0x0 c:/devkitpro/devkitarm/bin/../lib/gcc/arm-eabi/4.5.1/../../../../arm-eabi/lib/thumb\libg.a(lib_a-impure.o)
 .bss           0x03000094        0x0 c:/devkitpro/devkitarm/bin/../lib/gcc/arm-eabi/4.5.1/../../../../arm-eabi/lib/thumb\libg.a(lib_a-init.o)
 .bss           0x03000094        0x0 c:/devkitpro/devkitarm/bin/../lib/gcc/arm-eabi/4.5.1/../../../../arm-eabi/lib/thumb\libg.a(lib_a-malloc.o)
 .bss           0x03000094       0x34 c:/devkitpro/devkitarm/bin/../lib/gcc/arm-eabi/4.5.1/../../../../arm-eabi/lib/thumb\libg.a(lib_a-mallocr.o)
                0x03000094                __malloc_top_pad
                0x03000098                __malloc_current_mallinfo
                0x030000c0                __malloc_max_sbrked_mem
                0x030000c4                __malloc_max_total_mem
 .bss           0x030000c8        0x0 c:/devkitpro/devkitarm/bin/../lib/gcc/arm-eabi/4.5.1/../../../../arm-eabi/lib/thumb\libg.a(lib_a-mlock.o)
 .bss           0x030000c8        0x0 c:/devkitpro/devkitarm/bin/../lib/gcc/arm-eabi/4.5.1/../../../../arm-eabi/lib/thumb\libg.a(lib_a-rand.o)
 .bss           0x030000c8        0x0 c:/devkitpro/devkitarm/bin/../lib/gcc/arm-eabi/4.5.1/../../../../arm-eabi/lib/thumb\libg.a(lib_a-realloc.o)
 .bss           0x030000c8        0x0 c:/devkitpro/devkitarm/bin/../lib/gcc/arm-eabi/4.5.1/../../../../arm-eabi/lib/thumb\libg.a(lib_a-reallocr.o)
 .bss           0x030000c8        0x0 c:/devkitpro/devkitarm/bin/../lib/gcc/arm-eabi/4.5.1/../../../../arm-eabi/lib/thumb\libg.a(lib_a-__call_atexit.o)
 .bss           0x030000c8        0x0 c:/devkitpro/devkitarm/bin/../lib/gcc/arm-eabi/4.5.1/../../../../arm-eabi/lib/thumb\libg.a(lib_a-findfp.o)
 .bss           0x030000c8        0x0 c:/devkitpro/devkitarm/bin/../lib/gcc/arm-eabi/4.5.1/../../../../arm-eabi/lib/thumb\libg.a(lib_a-freer.o)
 .bss           0x030000c8        0x0 c:/devkitpro/devkitarm/bin/../lib/gcc/arm-eabi/4.5.1/../../../../arm-eabi/lib/thumb\libg.a(lib_a-fvwrite.o)
 .bss           0x030000c8        0x0 c:/devkitpro/devkitarm/bin/../lib/gcc/arm-eabi/4.5.1/../../../../arm-eabi/lib/thumb\libg.a(lib_a-fwalk.o)
 .bss           0x030000c8        0x0 c:/devkitpro/devkitarm/bin/../lib/gcc/arm-eabi/4.5.1/../../../../arm-eabi/lib/thumb\libg.a(lib_a-memchr.o)
 .bss           0x030000c8        0x0 c:/devkitpro/devkitarm/bin/../lib/gcc/arm-eabi/4.5.1/../../../../arm-eabi/lib/thumb\libg.a(lib_a-memcpy.o)
 .bss           0x030000c8        0x0 c:/devkitpro/devkitarm/bin/../lib/gcc/arm-eabi/4.5.1/../../../../arm-eabi/lib/thumb\libg.a(lib_a-memmove.o)
 .bss           0x030000c8        0x0 c:/devkitpro/devkitarm/bin/../lib/gcc/arm-eabi/4.5.1/../../../../arm-eabi/lib/thumb\libg.a(lib_a-memset.o)
 .bss           0x030000c8        0x0 c:/devkitpro/devkitarm/bin/../lib/gcc/arm-eabi/4.5.1/../../../../arm-eabi/lib/thumb\libg.a(lib_a-stdio.o)
 .bss           0x030000c8        0x0 c:/devkitpro/devkitarm/bin/../lib/gcc/arm-eabi/4.5.1/../../../../arm-eabi/lib/thumb\libg.a(lib_a-wsetup.o)
 .bss           0x030000c8        0x0 c:/devkitpro/devkitarm/bin/../lib/gcc/arm-eabi/4.5.1/../../../../arm-eabi/lib/thumb\libg.a(lib_a-fclose.o)
 .bss           0x030000c8        0x0 c:/devkitpro/devkitarm/bin/../lib/gcc/arm-eabi/4.5.1/../../../../arm-eabi/lib/thumb\libg.a(lib_a-fflush.o)
 .bss           0x030000c8        0x0 c:/devkitpro/devkitarm/bin/../lib/gcc/arm-eabi/4.5.1/../../../../arm-eabi/lib/thumb\libg.a(lib_a-makebuf.o)
 .bss           0x030000c8        0x0 c:/devkitpro/devkitarm/bin/../lib/gcc/arm-eabi/4.5.1/../../../../arm-eabi/lib/thumb\libsysbase.a(close.o)
 .bss           0x030000c8        0x0 c:/devkitpro/devkitarm/bin/../lib/gcc/arm-eabi/4.5.1/../../../../arm-eabi/lib/thumb\libsysbase.a(fstat.o)
 .bss           0x030000c8        0x0 c:/devkitpro/devkitarm/bin/../lib/gcc/arm-eabi/4.5.1/../../../../arm-eabi/lib/thumb\libsysbase.a(isatty.o)
 .bss           0x030000c8        0x0 c:/devkitpro/devkitarm/bin/../lib/gcc/arm-eabi/4.5.1/../../../../arm-eabi/lib/thumb\libsysbase.a(lseek.o)
 .bss           0x030000c8        0x0 c:/devkitpro/devkitarm/bin/../lib/gcc/arm-eabi/4.5.1/../../../../arm-eabi/lib/thumb\libsysbase.a(read.o)
 .bss           0x030000c8        0x4 c:/devkitpro/devkitarm/bin/../lib/gcc/arm-eabi/4.5.1/../../../../arm-eabi/lib/thumb\libsysbase.a(sbrk.o)
 .bss           0x030000cc        0x0 c:/devkitpro/devkitarm/bin/../lib/gcc/arm-eabi/4.5.1/../../../../arm-eabi/lib/thumb\libsysbase.a(write.o)
 .bss           0x030000cc        0x0 c:/devkitpro/devkitarm/bin/../lib/gcc/arm-eabi/4.5.1/../../../../arm-eabi/lib/thumb\libsysbase.a(_exit.o)
 .bss           0x030000cc        0x8 c:/devkitpro/devkitarm/bin/../lib/gcc/arm-eabi/4.5.1/../../../../arm-eabi/lib/thumb\libsysbase.a(malloc_vars.o)
                0x030000cc                fake_heap_end
                0x030000d0                fake_heap_start
 .bss           0x030000d4        0x8 c:/devkitpro/devkitarm/bin/../lib/gcc/arm-eabi/4.5.1/../../../../arm-eabi/lib/thumb\libsysbase.a(syscall_support.o)
                0x030000d4                __syscalls
 .bss           0x030000dc     0x1000 c:/devkitpro/devkitarm/bin/../lib/gcc/arm-eabi/4.5.1/../../../../arm-eabi/lib/thumb\libsysbase.a(handle_manager.o)
 .bss           0x030010dc        0x0 c:/devkitpro/devkitarm/bin/../lib/gcc/arm-eabi/4.5.1/../../../../arm-eabi/lib/thumb\libsysbase.a(iosupport.o)
 .bss           0x030010dc        0x0 c:/devkitpro/devkitarm/bin/../lib/gcc/arm-eabi/4.5.1/thumb\libgcc.a(_muldi3.o)
 .bss           0x030010dc        0x0 c:/devkitpro/devkitarm/bin/../lib/gcc/arm-eabi/4.5.1/../../../../arm-eabi/lib/thumb\libg.a(lib_a-strchr.o)
 .bss           0x030010dc        0x0 c:/devkitpro/devkitarm/bin/../lib/gcc/arm-eabi/4.5.1/../../../../arm-eabi/lib/thumb\libg.a(lib_a-strcmp.o)
 .bss           0x030010dc        0x0 c:/devkitpro/devkitarm/bin/../lib/gcc/arm-eabi/4.5.1/../../../../arm-eabi/lib/thumb\libg.a(lib_a-strlen.o)
 .bss           0x030010dc        0x0 c:/devkitpro/devkitarm/bin/../lib/gcc/arm-eabi/4.5.1/../../../../arm-eabi/lib/thumb\libg.a(lib_a-strncmp.o)
 .bss           0x030010dc        0x0 c:/devkitpro/devkitarm/bin/../lib/gcc/arm-eabi/4.5.1/thumb/crtend.o
 .bss           0x030010dc        0x0 c:/devkitpro/devkitarm/bin/../lib/gcc/arm-eabi/4.5.1/thumb/crtn.o
 *(COMMON)
 COMMON         0x030010dc     0x247c main.o
                0x030010dc                myBg
                0x03001118                sprites
                0x03001518                prev_state
                0x0300151c                mysprites
                0x0300351c                curr_state
                0x03003520                buttons
                0x03003548                myGame
                0x03003558                . = ALIGN (0x4)
                0x03003558                __bss_end = ABSOLUTE (.)
                0x03003558                __bss_end__ = __bss_end

.data           0x03003558     0x284c load address 0x080f5040
                0x03003558                __data_start = ABSOLUTE (.)
 *(.data)
 .data          0x03003558        0x0 c:/devkitpro/devkitarm/bin/../lib/gcc/arm-eabi/4.5.1/../../../../arm-eabi/lib/thumb/gba_crt0.o
 .data          0x03003558        0x0 c:/devkitpro/devkitarm/bin/../lib/gcc/arm-eabi/4.5.1/thumb/crti.o
 .data          0x03003558        0x4 c:/devkitpro/devkitarm/bin/../lib/gcc/arm-eabi/4.5.1/thumb/crtbegin.o
                0x03003558                __dso_handle
 .data          0x0300355c        0x0 animations.o
 .data          0x0300355c        0x0 dave_tank_sprites.o
 .data          0x0300355c        0x0 dave_zombie_sprites.o
 .data          0x0300355c        0x0 finale.o
 .data          0x0300355c        0x0 finale_shadow.o
 .data          0x0300355c        0x0 font.o
 .data          0x0300355c        0x0 linked_list.o
 .data          0x0300355c     0x1fc0 main.o
                0x0300355c                videoBuffer
                0x03003560                BUTTONS
                0x03003564                ScanlineCounter
                0x03003568                BackBuffer
                0x0300356c                FrontBuffer
                0x03003570                font
                0x030054f0                bg2map
                0x030054f4                the_sprites
                0x03005510                bg1map
                0x03005514                bg3map
                0x03005518                paletteMem
 .data          0x0300551c        0x0 master_pal_bgs.o
 .data          0x0300551c        0x0 master_pal_spr.o
 .data          0x0300551c        0x0 park.o
 .data          0x0300551c        0x0 park_shadow.o
 .data          0x0300551c        0x0 pizza.o
 .data          0x0300551c        0x0 pizza_shadow.o
 .data          0x0300551c        0x0 scott_char.o
 .data          0x0300551c        0x0 scott_zomb.o
 .data          0x0300551c        0x0 sean_grenadier.o
 .data          0x0300551c        0x0 showmoves.o
 .data          0x0300551c        0x0 sound.o
 .data          0x0300551c        0x0 sound_func.o
 .data          0x0300551c        0x0 sound_interupts.iwram.o
 .data          0x0300551c        0x0 stack.o
 .data          0x0300551c        0x0 thomas_all_chars.o
 .data          0x0300551c        0x0 c:/devkitpro/devkitarm/bin/../lib/gcc/arm-eabi/4.5.1/../../../../arm-eabi/lib/thumb\libm.a(lib_a-wf_sqrt.o)
 .data          0x0300551c        0x0 c:/devkitpro/devkitarm/bin/../lib/gcc/arm-eabi/4.5.1/../../../../arm-eabi/lib/thumb\libm.a(lib_a-ef_sqrt.o)
 .data          0x0300551c        0x1 c:/devkitpro/devkitarm/bin/../lib/gcc/arm-eabi/4.5.1/../../../../arm-eabi/lib/thumb\libm.a(lib_a-s_lib_ver.o)
                0x0300551c                __fdlib_version
 .data          0x0300551d        0x0 c:/devkitpro/devkitarm/bin/../lib/gcc/arm-eabi/4.5.1/../../../../arm-eabi/lib/thumb\libm.a(lib_a-s_matherr.o)
 .data          0x0300551d        0x0 c:/devkitpro/devkitarm/bin/../lib/gcc/arm-eabi/4.5.1/../../../../arm-eabi/lib/thumb\libm.a(lib_a-sf_fpclassify.o)
 .data          0x0300551d        0x0 c:/devkitpro/devkitarm/bin/../lib/gcc/arm-eabi/4.5.1/thumb\libgcc.a(_udivsi3.o)
 .data          0x0300551d        0x0 c:/devkitpro/devkitarm/bin/../lib/gcc/arm-eabi/4.5.1/thumb\libgcc.a(_divsi3.o)
 .data          0x0300551d        0x0 c:/devkitpro/devkitarm/bin/../lib/gcc/arm-eabi/4.5.1/thumb\libgcc.a(_dvmd_tls.o)
 .data          0x0300551d        0x0 c:/devkitpro/devkitarm/bin/../lib/gcc/arm-eabi/4.5.1/thumb\libgcc.a(_arm_addsubdf3.o)
 .data          0x0300551d        0x0 c:/devkitpro/devkitarm/bin/../lib/gcc/arm-eabi/4.5.1/thumb\libgcc.a(_arm_muldivdf3.o)
 .data          0x0300551d        0x0 c:/devkitpro/devkitarm/bin/../lib/gcc/arm-eabi/4.5.1/thumb\libgcc.a(_arm_fixunsdfsi.o)
 .data          0x0300551d        0x0 c:/devkitpro/devkitarm/bin/../lib/gcc/arm-eabi/4.5.1/thumb\libgcc.a(_arm_truncdfsf2.o)
 .data          0x0300551d        0x0 c:/devkitpro/devkitarm/bin/../lib/gcc/arm-eabi/4.5.1/thumb\libgcc.a(_arm_addsubsf3.o)
 .data          0x0300551d        0x0 c:/devkitpro/devkitarm/bin/../lib/gcc/arm-eabi/4.5.1/thumb\libgcc.a(_arm_muldivsf3.o)
 .data          0x0300551d        0x0 c:/devkitpro/devkitarm/bin/../lib/gcc/arm-eabi/4.5.1/thumb\libgcc.a(_arm_cmpsf2.o)
 .data          0x0300551d        0x0 c:/devkitpro/devkitarm/bin/../lib/gcc/arm-eabi/4.5.1/../../../../arm-eabi/lib/thumb\libg.a(lib_a-errno.o)
 .data          0x0300551d        0x0 c:/devkitpro/devkitarm/bin/../lib/gcc/arm-eabi/4.5.1/../../../../arm-eabi/lib/thumb\libg.a(lib_a-exit.o)
 .data          0x0300551d        0x0 c:/devkitpro/devkitarm/bin/../lib/gcc/arm-eabi/4.5.1/../../../../arm-eabi/lib/thumb\libg.a(lib_a-fwrite.o)
 *fill*         0x0300551d        0x3 ff
 .data          0x03005520      0x430 c:/devkitpro/devkitarm/bin/../lib/gcc/arm-eabi/4.5.1/../../../../arm-eabi/lib/thumb\libg.a(lib_a-impure.o)
                0x03005520                _impure_ptr
 .data          0x03005950        0x0 c:/devkitpro/devkitarm/bin/../lib/gcc/arm-eabi/4.5.1/../../../../arm-eabi/lib/thumb\libg.a(lib_a-init.o)
 .data          0x03005950        0x0 c:/devkitpro/devkitarm/bin/../lib/gcc/arm-eabi/4.5.1/../../../../arm-eabi/lib/thumb\libg.a(lib_a-malloc.o)
 .data          0x03005950      0x410 c:/devkitpro/devkitarm/bin/../lib/gcc/arm-eabi/4.5.1/../../../../arm-eabi/lib/thumb\libg.a(lib_a-mallocr.o)
                0x03005950                __malloc_av_
                0x03005d58                __malloc_sbrk_base
                0x03005d5c                __malloc_trim_threshold
 .data          0x03005d60        0x0 c:/devkitpro/devkitarm/bin/../lib/gcc/arm-eabi/4.5.1/../../../../arm-eabi/lib/thumb\libg.a(lib_a-mlock.o)
 .data          0x03005d60        0x0 c:/devkitpro/devkitarm/bin/../lib/gcc/arm-eabi/4.5.1/../../../../arm-eabi/lib/thumb\libg.a(lib_a-rand.o)
 .data          0x03005d60        0x0 c:/devkitpro/devkitarm/bin/../lib/gcc/arm-eabi/4.5.1/../../../../arm-eabi/lib/thumb\libg.a(lib_a-realloc.o)
 .data          0x03005d60        0x0 c:/devkitpro/devkitarm/bin/../lib/gcc/arm-eabi/4.5.1/../../../../arm-eabi/lib/thumb\libg.a(lib_a-reallocr.o)
 .data          0x03005d60        0x0 c:/devkitpro/devkitarm/bin/../lib/gcc/arm-eabi/4.5.1/../../../../arm-eabi/lib/thumb\libg.a(lib_a-__call_atexit.o)
 .data          0x03005d60        0x0 c:/devkitpro/devkitarm/bin/../lib/gcc/arm-eabi/4.5.1/../../../../arm-eabi/lib/thumb\libg.a(lib_a-findfp.o)
 .data          0x03005d60        0x0 c:/devkitpro/devkitarm/bin/../lib/gcc/arm-eabi/4.5.1/../../../../arm-eabi/lib/thumb\libg.a(lib_a-freer.o)
 .data          0x03005d60        0x0 c:/devkitpro/devkitarm/bin/../lib/gcc/arm-eabi/4.5.1/../../../../arm-eabi/lib/thumb\libg.a(lib_a-fvwrite.o)
 .data          0x03005d60        0x0 c:/devkitpro/devkitarm/bin/../lib/gcc/arm-eabi/4.5.1/../../../../arm-eabi/lib/thumb\libg.a(lib_a-fwalk.o)
 .data          0x03005d60        0x0 c:/devkitpro/devkitarm/bin/../lib/gcc/arm-eabi/4.5.1/../../../../arm-eabi/lib/thumb\libg.a(lib_a-memchr.o)
 .data          0x03005d60        0x0 c:/devkitpro/devkitarm/bin/../lib/gcc/arm-eabi/4.5.1/../../../../arm-eabi/lib/thumb\libg.a(lib_a-memcpy.o)
 .data          0x03005d60        0x0 c:/devkitpro/devkitarm/bin/../lib/gcc/arm-eabi/4.5.1/../../../../arm-eabi/lib/thumb\libg.a(lib_a-memmove.o)
 .data          0x03005d60        0x0 c:/devkitpro/devkitarm/bin/../lib/gcc/arm-eabi/4.5.1/../../../../arm-eabi/lib/thumb\libg.a(lib_a-memset.o)
 .data          0x03005d60        0x0 c:/devkitpro/devkitarm/bin/../lib/gcc/arm-eabi/4.5.1/../../../../arm-eabi/lib/thumb\libg.a(lib_a-stdio.o)
 .data          0x03005d60        0x0 c:/devkitpro/devkitarm/bin/../lib/gcc/arm-eabi/4.5.1/../../../../arm-eabi/lib/thumb\libg.a(lib_a-wsetup.o)
 .data          0x03005d60        0x0 c:/devkitpro/devkitarm/bin/../lib/gcc/arm-eabi/4.5.1/../../../../arm-eabi/lib/thumb\libg.a(lib_a-fclose.o)
 .data          0x03005d60        0x0 c:/devkitpro/devkitarm/bin/../lib/gcc/arm-eabi/4.5.1/../../../../arm-eabi/lib/thumb\libg.a(lib_a-fflush.o)
 .data          0x03005d60        0x0 c:/devkitpro/devkitarm/bin/../lib/gcc/arm-eabi/4.5.1/../../../../arm-eabi/lib/thumb\libg.a(lib_a-makebuf.o)
 .data          0x03005d60        0x0 c:/devkitpro/devkitarm/bin/../lib/gcc/arm-eabi/4.5.1/../../../../arm-eabi/lib/thumb\libsysbase.a(close.o)
 .data          0x03005d60        0x0 c:/devkitpro/devkitarm/bin/../lib/gcc/arm-eabi/4.5.1/../../../../arm-eabi/lib/thumb\libsysbase.a(fstat.o)
 .data          0x03005d60        0x0 c:/devkitpro/devkitarm/bin/../lib/gcc/arm-eabi/4.5.1/../../../../arm-eabi/lib/thumb\libsysbase.a(isatty.o)
 .data          0x03005d60        0x0 c:/devkitpro/devkitarm/bin/../lib/gcc/arm-eabi/4.5.1/../../../../arm-eabi/lib/thumb\libsysbase.a(lseek.o)
 .data          0x03005d60        0x0 c:/devkitpro/devkitarm/bin/../lib/gcc/arm-eabi/4.5.1/../../../../arm-eabi/lib/thumb\libsysbase.a(read.o)
 .data          0x03005d60        0x0 c:/devkitpro/devkitarm/bin/../lib/gcc/arm-eabi/4.5.1/../../../../arm-eabi/lib/thumb\libsysbase.a(sbrk.o)
 .data          0x03005d60        0x0 c:/devkitpro/devkitarm/bin/../lib/gcc/arm-eabi/4.5.1/../../../../arm-eabi/lib/thumb\libsysbase.a(write.o)
 .data          0x03005d60        0x0 c:/devkitpro/devkitarm/bin/../lib/gcc/arm-eabi/4.5.1/../../../../arm-eabi/lib/thumb\libsysbase.a(_exit.o)
 .data          0x03005d60        0x0 c:/devkitpro/devkitarm/bin/../lib/gcc/arm-eabi/4.5.1/../../../../arm-eabi/lib/thumb\libsysbase.a(malloc_vars.o)
 .data          0x03005d60        0x0 c:/devkitpro/devkitarm/bin/../lib/gcc/arm-eabi/4.5.1/../../../../arm-eabi/lib/thumb\libsysbase.a(syscall_support.o)
 .data          0x03005d60        0x0 c:/devkitpro/devkitarm/bin/../lib/gcc/arm-eabi/4.5.1/../../../../arm-eabi/lib/thumb\libsysbase.a(handle_manager.o)
 .data          0x03005d60       0x44 c:/devkitpro/devkitarm/bin/../lib/gcc/arm-eabi/4.5.1/../../../../arm-eabi/lib/thumb\libsysbase.a(iosupport.o)
                0x03005d64                devoptab_list
 .data          0x03005da4        0x0 c:/devkitpro/devkitarm/bin/../lib/gcc/arm-eabi/4.5.1/thumb\libgcc.a(_muldi3.o)
 .data          0x03005da4        0x0 c:/devkitpro/devkitarm/bin/../lib/gcc/arm-eabi/4.5.1/../../../../arm-eabi/lib/thumb\libg.a(lib_a-strchr.o)
 .data          0x03005da4        0x0 c:/devkitpro/devkitarm/bin/../lib/gcc/arm-eabi/4.5.1/../../../../arm-eabi/lib/thumb\libg.a(lib_a-strcmp.o)
 .data          0x03005da4        0x0 c:/devkitpro/devkitarm/bin/../lib/gcc/arm-eabi/4.5.1/../../../../arm-eabi/lib/thumb\libg.a(lib_a-strlen.o)
 .data          0x03005da4        0x0 c:/devkitpro/devkitarm/bin/../lib/gcc/arm-eabi/4.5.1/../../../../arm-eabi/lib/thumb\libg.a(lib_a-strncmp.o)
 .data          0x03005da4        0x0 c:/devkitpro/devkitarm/bin/../lib/gcc/arm-eabi/4.5.1/thumb/crtend.o
 .data          0x03005da4        0x0 c:/devkitpro/devkitarm/bin/../lib/gcc/arm-eabi/4.5.1/thumb/crtn.o
 *(.data.*)
 *(.gnu.linkonce.d*)
                0x03005da4                . = ALIGN (0x4)
                0x080f788c                __preinit_lma = (__data_lma + SIZEOF (.data))
                0x03005da4                PROVIDE (__preinit_array_start, .)

.preinit_array  0x03005da4        0x0 load address 0x080f788c
 *(.preinit_array)
                0x03005da4                PROVIDE (__preinit_array_end, .)
                0x080f788c                __init_lma = (__preinit_lma + SIZEOF (.preinit_array))
                0x03005da4                PROVIDE (__init_array_start, .)

.init_array     0x03005da4        0x4 load address 0x080f788c
 *(SORT(.init_array.*))
 *(.init_array)
 .init_array    0x03005da4        0x4 c:/devkitpro/devkitarm/bin/../lib/gcc/arm-eabi/4.5.1/thumb/crtbegin.o
                0x03005da8                PROVIDE (__init_array_end, .)
                0x03005da8                PROVIDE (__fini_array_start, .)
                0x080f7890                __fini_lma = (__init_lma + SIZEOF (.init_array))

.fini_array     0x03005da8        0x4 load address 0x080f7890
 *(SORT(.fini_array.*))
 *(.fini_array)
 .fini_array    0x03005da8        0x4 c:/devkitpro/devkitarm/bin/../lib/gcc/arm-eabi/4.5.1/thumb/crtbegin.o
                0x03005dac                PROVIDE (__fini_array_end, .)
                0x080f7894                __jcr_lma = (__fini_lma + SIZEOF (.fini_array))

.jcr            0x03005dac        0x4 load address 0x080f7894
 *(.jcr)
 .jcr           0x03005dac        0x0 c:/devkitpro/devkitarm/bin/../lib/gcc/arm-eabi/4.5.1/thumb/crtbegin.o
 .jcr           0x03005dac        0x4 c:/devkitpro/devkitarm/bin/../lib/gcc/arm-eabi/4.5.1/thumb/crtend.o
                0x03005db0                __data_end = ABSOLUTE (.)
                0x080f7898                __iwram_overlay_lma = (__jcr_lma + SIZEOF (.jcr))
                0x03005db0                __iwram_overlay_start = .

.iwram0         0x03005db0        0x0 load address 0x080f7898
 *(.iwram0)
                0x03005db0                . = ALIGN (0x4)
                0x080f7898                PROVIDE (__load_start_iwram0, LOADADDR (.iwram0))
                0x080f7898                PROVIDE (__load_stop_iwram0, (LOADADDR (.iwram0) + SIZEOF (.iwram0)))

.iwram1         0x03005db0        0x0
 *(.iwram1)
                0x03005db0                . = ALIGN (0x4)
                0x03005db0                PROVIDE (__load_start_iwram1, LOADADDR (.iwram1))
                0x03005db0                PROVIDE (__load_stop_iwram1, (LOADADDR (.iwram1) + SIZEOF (.iwram1)))

.iwram2         0x03005db0        0x0
 *(.iwram2)
                0x03005db0                . = ALIGN (0x4)
                0x03005db0                PROVIDE (__load_start_iwram2, LOADADDR (.iwram2))
                0x03005db0                PROVIDE (__load_stop_iwram2, (LOADADDR (.iwram2) + SIZEOF (.iwram2)))

.iwram3         0x03005db0        0x0
 *(.iwram3)
                0x03005db0                . = ALIGN (0x4)
                0x03005db0                PROVIDE (__load_start_iwram3, LOADADDR (.iwram3))
                0x03005db0                PROVIDE (__load_stop_iwram3, (LOADADDR (.iwram3) + SIZEOF (.iwram3)))

.iwram4         0x03005db0        0x0
 *(.iwram4)
                0x03005db0                . = ALIGN (0x4)
                0x03005db0                PROVIDE (__load_start_iwram4, LOADADDR (.iwram4))
                0x03005db0                PROVIDE (__load_stop_iwram4, (LOADADDR (.iwram4) + SIZEOF (.iwram4)))

.iwram5         0x03005db0        0x0
 *(.iwram5)
                0x03005db0                . = ALIGN (0x4)
                0x03005db0                PROVIDE (__load_start_iwram5, LOADADDR (.iwram5))
                0x03005db0                PROVIDE (__load_stop_iwram5, (LOADADDR (.iwram5) + SIZEOF (.iwram5)))

.iwram6         0x03005db0        0x0
 *(.iwram6)
                0x03005db0                . = ALIGN (0x4)
                0x03005db0                PROVIDE (__load_start_iwram6, LOADADDR (.iwram6))
                0x03005db0                PROVIDE (__load_stop_iwram6, (LOADADDR (.iwram6) + SIZEOF (.iwram6)))

.iwram7         0x03005db0        0x0
 *(.iwram7)
                0x03005db0                . = ALIGN (0x4)
                0x03005db0                PROVIDE (__load_start_iwram7, LOADADDR (.iwram7))
                0x03005db0                PROVIDE (__load_stop_iwram7, (LOADADDR (.iwram7) + SIZEOF (.iwram7)))

.iwram8         0x03005db0        0x0
 *(.iwram8)
                0x03005db0                . = ALIGN (0x4)
                0x03005db0                PROVIDE (__load_start_iwram8, LOADADDR (.iwram8))
                0x03005db0                PROVIDE (__load_stop_iwram8, (LOADADDR (.iwram8) + SIZEOF (.iwram8)))

.iwram9         0x03005db0        0x0
 *(.iwram9)
                0x03005db0                . = ALIGN (0x4)
                0x03005db0                PROVIDE (__load_start_iwram9, LOADADDR (.iwram9))
                0x03005db0                PROVIDE (__load_stop_iwram9, (LOADADDR (.iwram9) + SIZEOF (.iwram9)))
                0x03005db0                __iwram_overlay_end = .
                0x080f7898                __ewram_lma = (__iwram_overlay_lma + (__iwram_overlay_end - __iwram_overlay_start))
                0x03005db0                __iheap_start = .
                0x02000000                __ewram_start = 0x2000000

.ewram          0x02000000        0x8 load address 0x080f7898
 *(.ewram)
 .ewram         0x02000000        0x8 sound_interupts.iwram.o
                0x02000000                SampleLength
                0x02000004                SamplePosition
                0x02000008                . = ALIGN (0x4)
                0x080f78a0                __pad_lma = (__ewram_lma + SIZEOF (.ewram))

.sbss           0x02000008        0x0
                0x02000008                __sbss_start = ABSOLUTE (.)
 *(.sbss)
                0x02000008                . = ALIGN (0x4)
                0x02000008                __sbss_end = ABSOLUTE (.)
                0x02000008                __ewram_end = __sbss_end
                0x02000008                __eheap_start = __sbss_end
                0x02000008                __end__ = __sbss_end

.pad            0x02000008        0x8 load address 0x080f78a0
                0x02000008        0x4 LONG 0x52416b64
                0x0200000c        0x4 LONG 0x4d
                0x02000010                . = ALIGN (0x4)
                0x080f78a8                __rom_end__ = (__pad_lma + SIZEOF (.pad))

.stab
 *(.stab)

.stabstr
 *(.stabstr)

.stab.excl
 *(.stab.excl)

.stab.exclstr
 *(.stab.exclstr)

.stab.index
 *(.stab.index)

.stab.indexstr
 *(.stab.indexstr)

.comment        0x00000000       0x22
 *(.comment)
 .comment       0x00000000       0x22 c:/devkitpro/devkitarm/bin/../lib/gcc/arm-eabi/4.5.1/thumb/crtbegin.o
                                 0x23 (size before relaxing)
 .comment       0x00000000       0x23 animations.o
 .comment       0x00000000       0x23 dave_tank_sprites.o
 .comment       0x00000000       0x23 dave_zombie_sprites.o
 .comment       0x00000000       0x23 finale.o
 .comment       0x00000000       0x23 finale_shadow.o
 .comment       0x00000000       0x23 font.o
 .comment       0x00000000       0x23 linked_list.o
 .comment       0x00000000       0x23 main.o
 .comment       0x00000000       0x23 master_pal_bgs.o
 .comment       0x00000000       0x23 master_pal_spr.o
 .comment       0x00000000       0x23 park.o
 .comment       0x00000000       0x23 park_shadow.o
 .comment       0x00000000       0x23 pizza.o
 .comment       0x00000000       0x23 pizza_shadow.o
 .comment       0x00000000       0x23 scott_char.o
 .comment       0x00000000       0x23 scott_zomb.o
 .comment       0x00000000       0x23 sean_grenadier.o
 .comment       0x00000000       0x23 showmoves.o
 .comment       0x00000000       0x23 sound.o
 .comment       0x00000000       0x23 sound_func.o
 .comment       0x00000000       0x23 sound_interupts.iwram.o
 .comment       0x00000000       0x23 stack.o
 .comment       0x00000000       0x23 thomas_all_chars.o
 .comment       0x00000000       0x23 c:/devkitpro/devkitarm/bin/../lib/gcc/arm-eabi/4.5.1/../../../../arm-eabi/lib/thumb\libm.a(lib_a-wf_sqrt.o)
 .comment       0x00000000       0x23 c:/devkitpro/devkitarm/bin/../lib/gcc/arm-eabi/4.5.1/../../../../arm-eabi/lib/thumb\libm.a(lib_a-ef_sqrt.o)
 .comment       0x00000000       0x23 c:/devkitpro/devkitarm/bin/../lib/gcc/arm-eabi/4.5.1/../../../../arm-eabi/lib/thumb\libm.a(lib_a-s_lib_ver.o)
 .comment       0x00000000       0x23 c:/devkitpro/devkitarm/bin/../lib/gcc/arm-eabi/4.5.1/../../../../arm-eabi/lib/thumb\libm.a(lib_a-s_matherr.o)
 .comment       0x00000000       0x23 c:/devkitpro/devkitarm/bin/../lib/gcc/arm-eabi/4.5.1/../../../../arm-eabi/lib/thumb\libm.a(lib_a-sf_fpclassify.o)
 .comment       0x00000000       0x23 c:/devkitpro/devkitarm/bin/../lib/gcc/arm-eabi/4.5.1/../../../../arm-eabi/lib/thumb\libg.a(lib_a-errno.o)
 .comment       0x00000000       0x23 c:/devkitpro/devkitarm/bin/../lib/gcc/arm-eabi/4.5.1/../../../../arm-eabi/lib/thumb\libg.a(lib_a-exit.o)
 .comment       0x00000000       0x23 c:/devkitpro/devkitarm/bin/../lib/gcc/arm-eabi/4.5.1/../../../../arm-eabi/lib/thumb\libg.a(lib_a-fwrite.o)
 .comment       0x00000000       0x23 c:/devkitpro/devkitarm/bin/../lib/gcc/arm-eabi/4.5.1/../../../../arm-eabi/lib/thumb\libg.a(lib_a-impure.o)
 .comment       0x00000000       0x23 c:/devkitpro/devkitarm/bin/../lib/gcc/arm-eabi/4.5.1/../../../../arm-eabi/lib/thumb\libg.a(lib_a-init.o)
 .comment       0x00000000       0x23 c:/devkitpro/devkitarm/bin/../lib/gcc/arm-eabi/4.5.1/../../../../arm-eabi/lib/thumb\libg.a(lib_a-malloc.o)
 .comment       0x00000000       0x23 c:/devkitpro/devkitarm/bin/../lib/gcc/arm-eabi/4.5.1/../../../../arm-eabi/lib/thumb\libg.a(lib_a-mallocr.o)
 .comment       0x00000000       0x23 c:/devkitpro/devkitarm/bin/../lib/gcc/arm-eabi/4.5.1/../../../../arm-eabi/lib/thumb\libg.a(lib_a-mlock.o)
 .comment       0x00000000       0x23 c:/devkitpro/devkitarm/bin/../lib/gcc/arm-eabi/4.5.1/../../../../arm-eabi/lib/thumb\libg.a(lib_a-rand.o)
 .comment       0x00000000       0x23 c:/devkitpro/devkitarm/bin/../lib/gcc/arm-eabi/4.5.1/../../../../arm-eabi/lib/thumb\libg.a(lib_a-realloc.o)
 .comment       0x00000000       0x23 c:/devkitpro/devkitarm/bin/../lib/gcc/arm-eabi/4.5.1/../../../../arm-eabi/lib/thumb\libg.a(lib_a-reallocr.o)
 .comment       0x00000000       0x23 c:/devkitpro/devkitarm/bin/../lib/gcc/arm-eabi/4.5.1/../../../../arm-eabi/lib/thumb\libg.a(lib_a-__call_atexit.o)
 .comment       0x00000000       0x23 c:/devkitpro/devkitarm/bin/../lib/gcc/arm-eabi/4.5.1/../../../../arm-eabi/lib/thumb\libg.a(lib_a-findfp.o)
 .comment       0x00000000       0x23 c:/devkitpro/devkitarm/bin/../lib/gcc/arm-eabi/4.5.1/../../../../arm-eabi/lib/thumb\libg.a(lib_a-freer.o)
 .comment       0x00000000       0x23 c:/devkitpro/devkitarm/bin/../lib/gcc/arm-eabi/4.5.1/../../../../arm-eabi/lib/thumb\libg.a(lib_a-fvwrite.o)
 .comment       0x00000000       0x23 c:/devkitpro/devkitarm/bin/../lib/gcc/arm-eabi/4.5.1/../../../../arm-eabi/lib/thumb\libg.a(lib_a-fwalk.o)
 .comment       0x00000000       0x23 c:/devkitpro/devkitarm/bin/../lib/gcc/arm-eabi/4.5.1/../../../../arm-eabi/lib/thumb\libg.a(lib_a-memchr.o)
 .comment       0x00000000       0x23 c:/devkitpro/devkitarm/bin/../lib/gcc/arm-eabi/4.5.1/../../../../arm-eabi/lib/thumb\libg.a(lib_a-memcpy.o)
 .comment       0x00000000       0x23 c:/devkitpro/devkitarm/bin/../lib/gcc/arm-eabi/4.5.1/../../../../arm-eabi/lib/thumb\libg.a(lib_a-memmove.o)
 .comment       0x00000000       0x23 c:/devkitpro/devkitarm/bin/../lib/gcc/arm-eabi/4.5.1/../../../../arm-eabi/lib/thumb\libg.a(lib_a-memset.o)
 .comment       0x00000000       0x23 c:/devkitpro/devkitarm/bin/../lib/gcc/arm-eabi/4.5.1/../../../../arm-eabi/lib/thumb\libg.a(lib_a-stdio.o)
 .comment       0x00000000       0x23 c:/devkitpro/devkitarm/bin/../lib/gcc/arm-eabi/4.5.1/../../../../arm-eabi/lib/thumb\libg.a(lib_a-wsetup.o)
 .comment       0x00000000       0x23 c:/devkitpro/devkitarm/bin/../lib/gcc/arm-eabi/4.5.1/../../../../arm-eabi/lib/thumb\libg.a(lib_a-fclose.o)
 .comment       0x00000000       0x23 c:/devkitpro/devkitarm/bin/../lib/gcc/arm-eabi/4.5.1/../../../../arm-eabi/lib/thumb\libg.a(lib_a-fflush.o)
 .comment       0x00000000       0x23 c:/devkitpro/devkitarm/bin/../lib/gcc/arm-eabi/4.5.1/../../../../arm-eabi/lib/thumb\libg.a(lib_a-makebuf.o)
 .comment       0x00000000       0x23 c:/devkitpro/devkitarm/bin/../lib/gcc/arm-eabi/4.5.1/../../../../arm-eabi/lib/thumb\libsysbase.a(close.o)
 .comment       0x00000000       0x23 c:/devkitpro/devkitarm/bin/../lib/gcc/arm-eabi/4.5.1/../../../../arm-eabi/lib/thumb\libsysbase.a(fstat.o)
 .comment       0x00000000       0x23 c:/devkitpro/devkitarm/bin/../lib/gcc/arm-eabi/4.5.1/../../../../arm-eabi/lib/thumb\libsysbase.a(isatty.o)
 .comment       0x00000000       0x23 c:/devkitpro/devkitarm/bin/../lib/gcc/arm-eabi/4.5.1/../../../../arm-eabi/lib/thumb\libsysbase.a(lseek.o)
 .comment       0x00000000       0x23 c:/devkitpro/devkitarm/bin/../lib/gcc/arm-eabi/4.5.1/../../../../arm-eabi/lib/thumb\libsysbase.a(read.o)
 .comment       0x00000000       0x23 c:/devkitpro/devkitarm/bin/../lib/gcc/arm-eabi/4.5.1/../../../../arm-eabi/lib/thumb\libsysbase.a(sbrk.o)
 .comment       0x00000000       0x23 c:/devkitpro/devkitarm/bin/../lib/gcc/arm-eabi/4.5.1/../../../../arm-eabi/lib/thumb\libsysbase.a(write.o)
 .comment       0x00000000       0x23 c:/devkitpro/devkitarm/bin/../lib/gcc/arm-eabi/4.5.1/../../../../arm-eabi/lib/thumb\libsysbase.a(_exit.o)
 .comment       0x00000000       0x23 c:/devkitpro/devkitarm/bin/../lib/gcc/arm-eabi/4.5.1/../../../../arm-eabi/lib/thumb\libsysbase.a(malloc_vars.o)
 .comment       0x00000000       0x23 c:/devkitpro/devkitarm/bin/../lib/gcc/arm-eabi/4.5.1/../../../../arm-eabi/lib/thumb\libsysbase.a(syscall_support.o)
 .comment       0x00000000       0x23 c:/devkitpro/devkitarm/bin/../lib/gcc/arm-eabi/4.5.1/../../../../arm-eabi/lib/thumb\libsysbase.a(handle_manager.o)
 .comment       0x00000000       0x23 c:/devkitpro/devkitarm/bin/../lib/gcc/arm-eabi/4.5.1/../../../../arm-eabi/lib/thumb\libsysbase.a(iosupport.o)
 .comment       0x00000000       0x23 c:/devkitpro/devkitarm/bin/../lib/gcc/arm-eabi/4.5.1/thumb\libgcc.a(_muldi3.o)
 .comment       0x00000000       0x23 c:/devkitpro/devkitarm/bin/../lib/gcc/arm-eabi/4.5.1/../../../../arm-eabi/lib/thumb\libg.a(lib_a-strchr.o)
 .comment       0x00000000       0x23 c:/devkitpro/devkitarm/bin/../lib/gcc/arm-eabi/4.5.1/../../../../arm-eabi/lib/thumb\libg.a(lib_a-strcmp.o)
 .comment       0x00000000       0x23 c:/devkitpro/devkitarm/bin/../lib/gcc/arm-eabi/4.5.1/../../../../arm-eabi/lib/thumb\libg.a(lib_a-strlen.o)
 .comment       0x00000000       0x23 c:/devkitpro/devkitarm/bin/../lib/gcc/arm-eabi/4.5.1/../../../../arm-eabi/lib/thumb\libg.a(lib_a-strncmp.o)
 .comment       0x00000000       0x23 c:/devkitpro/devkitarm/bin/../lib/gcc/arm-eabi/4.5.1/thumb/crtend.o

.debug
 *(.debug)

.line
 *(.line)

.debug_srcinfo
 *(.debug_srcinfo)

.debug_sfnames
 *(.debug_sfnames)

.debug_aranges  0x00000000       0xa0
 *(.debug_aranges)
 .debug_aranges
                0x00000000       0x20 linked_list.o
 .debug_aranges
                0x00000020       0x20 main.o
 .debug_aranges
                0x00000040       0x20 sound_func.o
 .debug_aranges
                0x00000060       0x20 sound_interupts.iwram.o
 .debug_aranges
                0x00000080       0x20 stack.o

.debug_pubnames
                0x00000000      0xcd4
 *(.debug_pubnames)
 .debug_pubnames
                0x00000000       0x26 animations.o
 .debug_pubnames
                0x00000026       0x2d dave_tank_sprites.o
 .debug_pubnames
                0x00000053       0x2f dave_zombie_sprites.o
 .debug_pubnames
                0x00000082       0x22 finale.o
 .debug_pubnames
                0x000000a4       0x29 finale_shadow.o
 .debug_pubnames
                0x000000cd       0x2c font.o
 .debug_pubnames
                0x000000f9       0x6b linked_list.o
 .debug_pubnames
                0x00000164      0x7a3 main.o
 .debug_pubnames
                0x00000907       0x28 master_pal_bgs.o
 .debug_pubnames
                0x0000092f       0x28 master_pal_spr.o
 .debug_pubnames
                0x00000957       0x2c park.o
 .debug_pubnames
                0x00000983       0x3a park_shadow.o
 .debug_pubnames
                0x000009bd       0x21 pizza.o
 .debug_pubnames
                0x000009de       0x28 pizza_shadow.o
 .debug_pubnames
                0x00000a06       0x26 scott_char.o
 .debug_pubnames
                0x00000a2c       0x26 scott_zomb.o
 .debug_pubnames
                0x00000a52       0x2a sean_grenadier.o
 .debug_pubnames
                0x00000a7c       0x47 showmoves.o
 .debug_pubnames
                0x00000ac3       0xf7 sound.o
 .debug_pubnames
                0x00000bba       0x2f sound_func.o
 .debug_pubnames
                0x00000be9       0x44 sound_interupts.iwram.o
 .debug_pubnames
                0x00000c2d       0x7b stack.o
 .debug_pubnames
                0x00000ca8       0x2c thomas_all_chars.o

.debug_info     0x00000000     0x9f13
 *(.debug_info)
 .debug_info    0x00000000       0x58 animations.o
 .debug_info    0x00000058       0x58 dave_tank_sprites.o
 .debug_info    0x000000b0       0x58 dave_zombie_sprites.o
 .debug_info    0x00000108       0x5a finale.o
 .debug_info    0x00000162       0x5a finale_shadow.o
 .debug_info    0x000001bc       0x80 font.o
 .debug_info    0x0000023c      0x2f5 linked_list.o
 .debug_info    0x00000531     0x85e6 main.o
 .debug_info    0x00008b17       0x57 master_pal_bgs.o
 .debug_info    0x00008b6e       0x57 master_pal_spr.o
 .debug_info    0x00008bc5       0x81 park.o
 .debug_info    0x00008c46       0x7f park_shadow.o
 .debug_info    0x00008cc5       0x58 pizza.o
 .debug_info    0x00008d1d       0x58 pizza_shadow.o
 .debug_info    0x00008d75       0x58 scott_char.o
 .debug_info    0x00008dcd       0x58 scott_zomb.o
 .debug_info    0x00008e25       0x58 sean_grenadier.o
 .debug_info    0x00008e7d       0xa5 showmoves.o
 .debug_info    0x00008f22      0x2b4 sound.o
 .debug_info    0x000091d6      0x101 sound_func.o
 .debug_info    0x000092d7       0x99 sound_interupts.iwram.o
 .debug_info    0x00009370      0xb4b stack.o
 .debug_info    0x00009ebb       0x58 thomas_all_chars.o

.debug_abbrev   0x00000000      0xfce
 *(.debug_abbrev)
 .debug_abbrev  0x00000000       0x47 animations.o
 .debug_abbrev  0x00000047       0x47 dave_tank_sprites.o
 .debug_abbrev  0x0000008e       0x47 dave_zombie_sprites.o
 .debug_abbrev  0x000000d5       0x47 finale.o
 .debug_abbrev  0x0000011c       0x47 finale_shadow.o
 .debug_abbrev  0x00000163       0x61 font.o
 .debug_abbrev  0x000001c4      0x181 linked_list.o
 .debug_abbrev  0x00000345      0x56c main.o
 .debug_abbrev  0x000008b1       0x47 master_pal_bgs.o
 .debug_abbrev  0x000008f8       0x47 master_pal_spr.o
 .debug_abbrev  0x0000093f       0x58 park.o
 .debug_abbrev  0x00000997       0x50 park_shadow.o
 .debug_abbrev  0x000009e7       0x47 pizza.o
 .debug_abbrev  0x00000a2e       0x47 pizza_shadow.o
 .debug_abbrev  0x00000a75       0x47 scott_char.o
 .debug_abbrev  0x00000abc       0x47 scott_zomb.o
 .debug_abbrev  0x00000b03       0x47 sean_grenadier.o
 .debug_abbrev  0x00000b4a       0x47 showmoves.o
 .debug_abbrev  0x00000b91       0xae sound.o
 .debug_abbrev  0x00000c3f       0xaf sound_func.o
 .debug_abbrev  0x00000cee       0x67 sound_interupts.iwram.o
 .debug_abbrev  0x00000d55      0x232 stack.o
 .debug_abbrev  0x00000f87       0x47 thomas_all_chars.o

.debug_line     0x00000000     0x4d93
 *(.debug_line)
 .debug_line    0x00000000       0x3b animations.o
 .debug_line    0x0000003b       0x42 dave_tank_sprites.o
 .debug_line    0x0000007d       0x44 dave_zombie_sprites.o
 .debug_line    0x000000c1       0x37 finale.o
 .debug_line    0x000000f8       0x3e finale_shadow.o
 .debug_line    0x00000136       0x35 font.o
 .debug_line    0x0000016b       0xc4 linked_list.o
 .debug_line    0x0000022f     0x4653 main.o
 .debug_line    0x00004882       0x3f master_pal_bgs.o
 .debug_line    0x000048c1       0x3f master_pal_spr.o
 .debug_line    0x00004900       0x35 park.o
 .debug_line    0x00004935       0x3c park_shadow.o
 .debug_line    0x00004971       0x36 pizza.o
 .debug_line    0x000049a7       0x3d pizza_shadow.o
 .debug_line    0x000049e4       0x3b scott_char.o
 .debug_line    0x00004a1f       0x3b scott_zomb.o
 .debug_line    0x00004a5a       0x3f sean_grenadier.o
 .debug_line    0x00004a99       0x3a showmoves.o
 .debug_line    0x00004ad3       0x49 sound.o
 .debug_line    0x00004b1c       0x82 sound_func.o
 .debug_line    0x00004b9e       0x6d sound_interupts.iwram.o
 .debug_line    0x00004c0b      0x147 stack.o
 .debug_line    0x00004d52       0x41 thomas_all_chars.o

.debug_frame    0x00000000      0xcb4
 *(.debug_frame)
 .debug_frame   0x00000000       0x84 linked_list.o
 .debug_frame   0x00000084      0xb28 main.o
 .debug_frame   0x00000bac       0x3c sound_func.o
 .debug_frame   0x00000be8       0x20 sound_interupts.iwram.o
 .debug_frame   0x00000c08       0xac stack.o

.debug_str      0x00000000     0x1288
 *(.debug_str)
 .debug_str     0x00000000       0x4a animations.o
                                 0x57 (size before relaxing)
 .debug_str     0x0000004a       0x39 dave_tank_sprites.o
                                 0x65 (size before relaxing)
 .debug_str     0x00000083       0x3d dave_zombie_sprites.o
                                 0x69 (size before relaxing)
 .debug_str     0x000000c0       0x23 finale.o
                                 0x4f (size before relaxing)
 .debug_str     0x000000e3       0x31 finale_shadow.o
                                 0x5d (size before relaxing)
 .debug_str     0x00000114       0x27 font.o
                                 0x53 (size before relaxing)
 .debug_str     0x0000013b       0xcf linked_list.o
                                0x13e (size before relaxing)
 .debug_str     0x0000020a      0x9b5 main.o
                                0xb2a (size before relaxing)
 .debug_str     0x00000bbf       0x1f master_pal_bgs.o
                                 0x5d (size before relaxing)
 .debug_str     0x00000bde       0x1f master_pal_spr.o
                                 0x5d (size before relaxing)
 .debug_str     0x00000bfd       0x15 park.o
                                 0x53 (size before relaxing)
 .debug_str     0x00000c12       0x2d park_shadow.o
                                 0x68 (size before relaxing)
 .debug_str     0x00000c3f       0x21 pizza.o
                                 0x4d (size before relaxing)
 .debug_str     0x00000c60       0x2f pizza_shadow.o
                                 0x5b (size before relaxing)
 .debug_str     0x00000c8f       0x1b scott_char.o
                                 0x57 (size before relaxing)
 .debug_str     0x00000caa       0x1b scott_zomb.o
                                 0x57 (size before relaxing)
 .debug_str     0x00000cc5       0x1f sean_grenadier.o
                                 0x5f (size before relaxing)
 .debug_str     0x00000ce4       0x43 showmoves.o
                                 0x6f (size before relaxing)
 .debug_str     0x00000d27       0x9f sound.o
                                0x129 (size before relaxing)
 .debug_str     0x00000dc6       0x4e sound_func.o
                                 0xc7 (size before relaxing)
 .debug_str     0x00000e14       0x48 sound_interupts.iwram.o
                                 0x9f (size before relaxing)
 .debug_str     0x00000e5c      0x40b stack.o
                                0x4c3 (size before relaxing)
 .debug_str     0x00001267       0x21 thomas_all_chars.o
                                 0x63 (size before relaxing)

.debug_loc      0x00000000    0x103aa
 *(.debug_loc)
 .debug_loc     0x00000000      0x413 linked_list.o
 .debug_loc     0x00000413     0xfd60 main.o
 .debug_loc     0x00010173       0x3e sound_func.o
 .debug_loc     0x000101b1      0x1f9 stack.o

.debug_macinfo
 *(.debug_macinfo)

.debug_weaknames
 *(.debug_weaknames)

.debug_funcnames
 *(.debug_funcnames)

.debug_typenames
 *(.debug_typenames)

.debug_varnames
 *(.debug_varnames)

.stack          0x00080000        0x0
                0x00080000                _stack = .
 *(.stack)

.note.gnu.arm.ident
 *(.note.gnu.arm.ident)

.ARM.attributes
                0x00000000       0x2c
 *(.ARM.attributes)
 .ARM.attributes
                0x00000000       0x20 c:/devkitpro/devkitarm/bin/../lib/gcc/arm-eabi/4.5.1/../../../../arm-eabi/lib/thumb/gba_crt0.o
 .ARM.attributes
                0x00000020       0x20 c:/devkitpro/devkitarm/bin/../lib/gcc/arm-eabi/4.5.1/thumb/crti.o
 .ARM.attributes
                0x00000040       0x30 c:/devkitpro/devkitarm/bin/../lib/gcc/arm-eabi/4.5.1/thumb/crtbegin.o
 .ARM.attributes
                0x00000070       0x2c animations.o
 .ARM.attributes
                0x0000009c       0x2c dave_tank_sprites.o
 .ARM.attributes
                0x000000c8       0x2c dave_zombie_sprites.o
 .ARM.attributes
                0x000000f4       0x2c finale.o
 .ARM.attributes
                0x00000120       0x2c finale_shadow.o
 .ARM.attributes
                0x0000014c       0x2c font.o
 .ARM.attributes
                0x00000178       0x2c linked_list.o
 .ARM.attributes
                0x000001a4       0x2c main.o
 .ARM.attributes
                0x000001d0       0x2c master_pal_bgs.o
 .ARM.attributes
                0x000001fc       0x2c master_pal_spr.o
 .ARM.attributes
                0x00000228       0x2c park.o
 .ARM.attributes
                0x00000254       0x2c park_shadow.o
 .ARM.attributes
                0x00000280       0x2c pizza.o
 .ARM.attributes
                0x000002ac       0x2c pizza_shadow.o
 .ARM.attributes
                0x000002d8       0x2c scott_char.o
 .ARM.attributes
                0x00000304       0x2c scott_zomb.o
 .ARM.attributes
                0x00000330       0x2c sean_grenadier.o
 .ARM.attributes
                0x0000035c       0x2c showmoves.o
 .ARM.attributes
                0x00000388       0x2c sound.o
 .ARM.attributes
                0x000003b4       0x2c sound_func.o
 .ARM.attributes
                0x000003e0       0x2c sound_interupts.iwram.o
 .ARM.attributes
                0x0000040c       0x2c stack.o
 .ARM.attributes
                0x00000438       0x2c thomas_all_chars.o
 .ARM.attributes
                0x00000464       0x30 c:/devkitpro/devkitarm/bin/../lib/gcc/arm-eabi/4.5.1/../../../../arm-eabi/lib/thumb\libm.a(lib_a-wf_sqrt.o)
 .ARM.attributes
                0x00000494       0x30 c:/devkitpro/devkitarm/bin/../lib/gcc/arm-eabi/4.5.1/../../../../arm-eabi/lib/thumb\libm.a(lib_a-ef_sqrt.o)
 .ARM.attributes
                0x000004c4       0x30 c:/devkitpro/devkitarm/bin/../lib/gcc/arm-eabi/4.5.1/../../../../arm-eabi/lib/thumb\libm.a(lib_a-s_lib_ver.o)
 .ARM.attributes
                0x000004f4       0x30 c:/devkitpro/devkitarm/bin/../lib/gcc/arm-eabi/4.5.1/../../../../arm-eabi/lib/thumb\libm.a(lib_a-s_matherr.o)
 .ARM.attributes
                0x00000524       0x30 c:/devkitpro/devkitarm/bin/../lib/gcc/arm-eabi/4.5.1/../../../../arm-eabi/lib/thumb\libm.a(lib_a-sf_fpclassify.o)
 .ARM.attributes
                0x00000554       0x22 c:/devkitpro/devkitarm/bin/../lib/gcc/arm-eabi/4.5.1/thumb\libgcc.a(_udivsi3.o)
 .ARM.attributes
                0x00000576       0x22 c:/devkitpro/devkitarm/bin/../lib/gcc/arm-eabi/4.5.1/thumb\libgcc.a(_divsi3.o)
 .ARM.attributes
                0x00000598       0x22 c:/devkitpro/devkitarm/bin/../lib/gcc/arm-eabi/4.5.1/thumb\libgcc.a(_dvmd_tls.o)
 .ARM.attributes
                0x000005ba       0x22 c:/devkitpro/devkitarm/bin/../lib/gcc/arm-eabi/4.5.1/thumb\libgcc.a(_arm_addsubdf3.o)
 .ARM.attributes
                0x000005dc       0x22 c:/devkitpro/devkitarm/bin/../lib/gcc/arm-eabi/4.5.1/thumb\libgcc.a(_arm_muldivdf3.o)
 .ARM.attributes
                0x000005fe       0x22 c:/devkitpro/devkitarm/bin/../lib/gcc/arm-eabi/4.5.1/thumb\libgcc.a(_arm_fixunsdfsi.o)
 .ARM.attributes
                0x00000620       0x22 c:/devkitpro/devkitarm/bin/../lib/gcc/arm-eabi/4.5.1/thumb\libgcc.a(_arm_truncdfsf2.o)
 .ARM.attributes
                0x00000642       0x22 c:/devkitpro/devkitarm/bin/../lib/gcc/arm-eabi/4.5.1/thumb\libgcc.a(_arm_addsubsf3.o)
 .ARM.attributes
                0x00000664       0x22 c:/devkitpro/devkitarm/bin/../lib/gcc/arm-eabi/4.5.1/thumb\libgcc.a(_arm_muldivsf3.o)
 .ARM.attributes
                0x00000686       0x22 c:/devkitpro/devkitarm/bin/../lib/gcc/arm-eabi/4.5.1/thumb\libgcc.a(_arm_cmpsf2.o)
 .ARM.attributes
                0x000006a8       0x30 c:/devkitpro/devkitarm/bin/../lib/gcc/arm-eabi/4.5.1/../../../../arm-eabi/lib/thumb\libg.a(lib_a-errno.o)
 .ARM.attributes
                0x000006d8       0x30 c:/devkitpro/devkitarm/bin/../lib/gcc/arm-eabi/4.5.1/../../../../arm-eabi/lib/thumb\libg.a(lib_a-exit.o)
 .ARM.attributes
                0x00000708       0x30 c:/devkitpro/devkitarm/bin/../lib/gcc/arm-eabi/4.5.1/../../../../arm-eabi/lib/thumb\libg.a(lib_a-fwrite.o)
 .ARM.attributes
                0x00000738       0x30 c:/devkitpro/devkitarm/bin/../lib/gcc/arm-eabi/4.5.1/../../../../arm-eabi/lib/thumb\libg.a(lib_a-impure.o)
 .ARM.attributes
                0x00000768       0x30 c:/devkitpro/devkitarm/bin/../lib/gcc/arm-eabi/4.5.1/../../../../arm-eabi/lib/thumb\libg.a(lib_a-init.o)
 .ARM.attributes
                0x00000798       0x30 c:/devkitpro/devkitarm/bin/../lib/gcc/arm-eabi/4.5.1/../../../../arm-eabi/lib/thumb\libg.a(lib_a-malloc.o)
 .ARM.attributes
                0x000007c8       0x30 c:/devkitpro/devkitarm/bin/../lib/gcc/arm-eabi/4.5.1/../../../../arm-eabi/lib/thumb\libg.a(lib_a-mallocr.o)
 .ARM.attributes
                0x000007f8       0x30 c:/devkitpro/devkitarm/bin/../lib/gcc/arm-eabi/4.5.1/../../../../arm-eabi/lib/thumb\libg.a(lib_a-mlock.o)
 .ARM.attributes
                0x00000828       0x30 c:/devkitpro/devkitarm/bin/../lib/gcc/arm-eabi/4.5.1/../../../../arm-eabi/lib/thumb\libg.a(lib_a-rand.o)
 .ARM.attributes
                0x00000858       0x30 c:/devkitpro/devkitarm/bin/../lib/gcc/arm-eabi/4.5.1/../../../../arm-eabi/lib/thumb\libg.a(lib_a-realloc.o)
 .ARM.attributes
                0x00000888       0x30 c:/devkitpro/devkitarm/bin/../lib/gcc/arm-eabi/4.5.1/../../../../arm-eabi/lib/thumb\libg.a(lib_a-reallocr.o)
 .ARM.attributes
                0x000008b8       0x30 c:/devkitpro/devkitarm/bin/../lib/gcc/arm-eabi/4.5.1/../../../../arm-eabi/lib/thumb\libg.a(lib_a-__call_atexit.o)
 .ARM.attributes
                0x000008e8       0x30 c:/devkitpro/devkitarm/bin/../lib/gcc/arm-eabi/4.5.1/../../../../arm-eabi/lib/thumb\libg.a(lib_a-findfp.o)
 .ARM.attributes
                0x00000918       0x30 c:/devkitpro/devkitarm/bin/../lib/gcc/arm-eabi/4.5.1/../../../../arm-eabi/lib/thumb\libg.a(lib_a-freer.o)
 .ARM.attributes
                0x00000948       0x30 c:/devkitpro/devkitarm/bin/../lib/gcc/arm-eabi/4.5.1/../../../../arm-eabi/lib/thumb\libg.a(lib_a-fvwrite.o)
 .ARM.attributes
                0x00000978       0x30 c:/devkitpro/devkitarm/bin/../lib/gcc/arm-eabi/4.5.1/../../../../arm-eabi/lib/thumb\libg.a(lib_a-fwalk.o)
 .ARM.attributes
                0x000009a8       0x30 c:/devkitpro/devkitarm/bin/../lib/gcc/arm-eabi/4.5.1/../../../../arm-eabi/lib/thumb\libg.a(lib_a-memchr.o)
 .ARM.attributes
                0x000009d8       0x30 c:/devkitpro/devkitarm/bin/../lib/gcc/arm-eabi/4.5.1/../../../../arm-eabi/lib/thumb\libg.a(lib_a-memcpy.o)
 .ARM.attributes
                0x00000a08       0x30 c:/devkitpro/devkitarm/bin/../lib/gcc/arm-eabi/4.5.1/../../../../arm-eabi/lib/thumb\libg.a(lib_a-memmove.o)
 .ARM.attributes
                0x00000a38       0x30 c:/devkitpro/devkitarm/bin/../lib/gcc/arm-eabi/4.5.1/../../../../arm-eabi/lib/thumb\libg.a(lib_a-memset.o)
 .ARM.attributes
                0x00000a68       0x30 c:/devkitpro/devkitarm/bin/../lib/gcc/arm-eabi/4.5.1/../../../../arm-eabi/lib/thumb\libg.a(lib_a-stdio.o)
 .ARM.attributes
                0x00000a98       0x30 c:/devkitpro/devkitarm/bin/../lib/gcc/arm-eabi/4.5.1/../../../../arm-eabi/lib/thumb\libg.a(lib_a-wsetup.o)
 .ARM.attributes
                0x00000ac8       0x30 c:/devkitpro/devkitarm/bin/../lib/gcc/arm-eabi/4.5.1/../../../../arm-eabi/lib/thumb\libg.a(lib_a-fclose.o)
 .ARM.attributes
                0x00000af8       0x30 c:/devkitpro/devkitarm/bin/../lib/gcc/arm-eabi/4.5.1/../../../../arm-eabi/lib/thumb\libg.a(lib_a-fflush.o)
 .ARM.attributes
                0x00000b28       0x30 c:/devkitpro/devkitarm/bin/../lib/gcc/arm-eabi/4.5.1/../../../../arm-eabi/lib/thumb\libg.a(lib_a-makebuf.o)
 .ARM.attributes
                0x00000b58       0x30 c:/devkitpro/devkitarm/bin/../lib/gcc/arm-eabi/4.5.1/../../../../arm-eabi/lib/thumb\libsysbase.a(close.o)
 .ARM.attributes
                0x00000b88       0x30 c:/devkitpro/devkitarm/bin/../lib/gcc/arm-eabi/4.5.1/../../../../arm-eabi/lib/thumb\libsysbase.a(fstat.o)
 .ARM.attributes
                0x00000bb8       0x30 c:/devkitpro/devkitarm/bin/../lib/gcc/arm-eabi/4.5.1/../../../../arm-eabi/lib/thumb\libsysbase.a(isatty.o)
 .ARM.attributes
                0x00000be8       0x30 c:/devkitpro/devkitarm/bin/../lib/gcc/arm-eabi/4.5.1/../../../../arm-eabi/lib/thumb\libsysbase.a(lseek.o)
 .ARM.attributes
                0x00000c18       0x30 c:/devkitpro/devkitarm/bin/../lib/gcc/arm-eabi/4.5.1/../../../../arm-eabi/lib/thumb\libsysbase.a(read.o)
 .ARM.attributes
                0x00000c48       0x30 c:/devkitpro/devkitarm/bin/../lib/gcc/arm-eabi/4.5.1/../../../../arm-eabi/lib/thumb\libsysbase.a(sbrk.o)
 .ARM.attributes
                0x00000c78       0x30 c:/devkitpro/devkitarm/bin/../lib/gcc/arm-eabi/4.5.1/../../../../arm-eabi/lib/thumb\libsysbase.a(write.o)
 .ARM.attributes
                0x00000ca8       0x30 c:/devkitpro/devkitarm/bin/../lib/gcc/arm-eabi/4.5.1/../../../../arm-eabi/lib/thumb\libsysbase.a(_exit.o)
 .ARM.attributes
                0x00000cd8       0x30 c:/devkitpro/devkitarm/bin/../lib/gcc/arm-eabi/4.5.1/../../../../arm-eabi/lib/thumb\libsysbase.a(malloc_vars.o)
 .ARM.attributes
                0x00000d08       0x30 c:/devkitpro/devkitarm/bin/../lib/gcc/arm-eabi/4.5.1/../../../../arm-eabi/lib/thumb\libsysbase.a(syscall_support.o)
 .ARM.attributes
                0x00000d38       0x30 c:/devkitpro/devkitarm/bin/../lib/gcc/arm-eabi/4.5.1/../../../../arm-eabi/lib/thumb\libsysbase.a(handle_manager.o)
 .ARM.attributes
                0x00000d68       0x30 c:/devkitpro/devkitarm/bin/../lib/gcc/arm-eabi/4.5.1/../../../../arm-eabi/lib/thumb\libsysbase.a(iosupport.o)
 .ARM.attributes
                0x00000d98       0x30 c:/devkitpro/devkitarm/bin/../lib/gcc/arm-eabi/4.5.1/thumb\libgcc.a(_muldi3.o)
 .ARM.attributes
                0x00000dc8       0x30 c:/devkitpro/devkitarm/bin/../lib/gcc/arm-eabi/4.5.1/../../../../arm-eabi/lib/thumb\libg.a(lib_a-strchr.o)
 .ARM.attributes
                0x00000df8       0x30 c:/devkitpro/devkitarm/bin/../lib/gcc/arm-eabi/4.5.1/../../../../arm-eabi/lib/thumb\libg.a(lib_a-strcmp.o)
 .ARM.attributes
                0x00000e28       0x30 c:/devkitpro/devkitarm/bin/../lib/gcc/arm-eabi/4.5.1/../../../../arm-eabi/lib/thumb\libg.a(lib_a-strlen.o)
 .ARM.attributes
                0x00000e58       0x30 c:/devkitpro/devkitarm/bin/../lib/gcc/arm-eabi/4.5.1/../../../../arm-eabi/lib/thumb\libg.a(lib_a-strncmp.o)
 .ARM.attributes
                0x00000e88       0x30 c:/devkitpro/devkitarm/bin/../lib/gcc/arm-eabi/4.5.1/thumb/crtend.o
 .ARM.attributes
                0x00000eb8       0x20 c:/devkitpro/devkitarm/bin/../lib/gcc/arm-eabi/4.5.1/thumb/crtn.o

/DISCARD/
 *(.note.GNU-stack)
LOAD c:/devkitpro/devkitarm/bin/../lib/gcc/arm-eabi/4.5.1/../../../../arm-eabi/lib/thumb/gba_crt0.o
LOAD c:/devkitpro/devkitarm/bin/../lib/gcc/arm-eabi/4.5.1/thumb/crti.o
LOAD c:/devkitpro/devkitarm/bin/../lib/gcc/arm-eabi/4.5.1/thumb/crtbegin.o
LOAD animations.o
LOAD dave_tank_sprites.o
LOAD dave_zombie_sprites.o
LOAD finale.o
LOAD finale_shadow.o
LOAD font.o
LOAD linked_list.o
LOAD main.o
LOAD master_pal_bgs.o
LOAD master_pal_spr.o
LOAD park.o
LOAD park_shadow.o
LOAD pizza.o
LOAD pizza_shadow.o
LOAD scott_char.o
LOAD scott_zomb.o
LOAD sean_grenadier.o
LOAD showmoves.o
LOAD sound.o
LOAD sound_func.o
LOAD sound_interupts.iwram.o
LOAD stack.o
LOAD thomas_all_chars.o
LOAD c:/devkitPro/libgba/lib\libgba.a
LOAD c:/devkitpro/devkitarm/bin/../lib/gcc/arm-eabi/4.5.1/../../../../arm-eabi/lib/thumb\libm.a
START GROUP
LOAD c:/devkitpro/devkitarm/bin/../lib/gcc/arm-eabi/4.5.1/thumb\libgcc.a
LOAD c:/devkitpro/devkitarm/bin/../lib/gcc/arm-eabi/4.5.1/../../../../arm-eabi/lib/thumb\libg.a
LOAD c:/devkitpro/devkitarm/bin/../lib/gcc/arm-eabi/4.5.1/../../../../arm-eabi/lib/thumb\libc.a
LOAD c:/devkitpro/devkitarm/bin/../lib/gcc/arm-eabi/4.5.1/../../../../arm-eabi/lib/thumb\libsysbase.a
END GROUP
LOAD c:/devkitpro/devkitarm/bin/../lib/gcc/arm-eabi/4.5.1/thumb/crtend.o
LOAD c:/devkitpro/devkitarm/bin/../lib/gcc/arm-eabi/4.5.1/thumb/crtn.o
OUTPUT(h:/dev/dev.elf elf32-littlearm)

.debug_pubtypes
                0x00000000      0x223
 .debug_pubtypes
                0x00000000       0x24 linked_list.o
 .debug_pubtypes
                0x00000024       0xac main.o
 .debug_pubtypes
                0x000000d0       0x2d sound.o
 .debug_pubtypes
                0x000000fd       0x2d sound_func.o
 .debug_pubtypes
                0x0000012a       0x12 sound_interupts.iwram.o
 .debug_pubtypes
                0x0000013c       0xe7 stack.o

.debug_ranges   0x00000000     0x51e0
 .debug_ranges  0x00000000       0x30 linked_list.o
 .debug_ranges  0x00000030     0x5188 main.o
 .debug_ranges  0x000051b8       0x10 sound_interupts.iwram.o
 .debug_ranges  0x000051c8       0x18 stack.o
