Archive member included because of file (symbol)

c:/devkitpro/devkitarm/bin/../lib/gcc/arm-eabi/4.5.1/thumb\libgcc.a(_divsi3.o)
                              main.o (__aeabi_idiv)
c:/devkitpro/devkitarm/bin/../lib/gcc/arm-eabi/4.5.1/thumb\libgcc.a(_dvmd_tls.o)
                              c:/devkitpro/devkitarm/bin/../lib/gcc/arm-eabi/4.5.1/thumb\libgcc.a(_divsi3.o) (__aeabi_idiv0)
c:/devkitpro/devkitarm/bin/../lib/gcc/arm-eabi/4.5.1/../../../../arm-eabi/lib/thumb\libg.a(lib_a-init.o)
                              c:/devkitpro/devkitarm/bin/../lib/gcc/arm-eabi/4.5.1/../../../../arm-eabi/lib/thumb/gba_crt0.o (__libc_init_array)
c:/devkitpro/devkitarm/bin/../lib/gcc/arm-eabi/4.5.1/../../../../arm-eabi/lib/thumb\libsysbase.a(malloc_vars.o)
                              c:/devkitpro/devkitarm/bin/../lib/gcc/arm-eabi/4.5.1/../../../../arm-eabi/lib/thumb/gba_crt0.o (fake_heap_end)

Allocating common symbols
Common symbol       size              file

sprites             0x400             main.o
yi                  0x4               main.o
mysprites           0xe00             main.o
mtw                 0x4               main.o
buttons             0x28              main.o
mth                 0x4               main.o
xi                  0x4               main.o

Memory Configuration

Name             Origin             Length             Attributes
rom              0x08000000         0x02000000
iwram            0x03000000         0x00008000
ewram            0x02000000         0x00040000
*default*        0x00000000         0xffffffff

Linker script and memory map

                0x08000000                __text_start = 0x8000000
                0x02040000                __eheap_end = 0x2040000
                0x03000000                __iwram_start = 0x3000000
                0x03008000                __iwram_top = 0x3008000
                0x03007fa0                __sp_irq = (__iwram_top - 0x60)
                0x03007f00                __sp_usr = (__sp_irq - 0xa0)
                0x03007ff8                __irq_flags = 0x3007ff8
                0x08000000                . = __text_start

.init           0x08000000      0x21c
 *(.init)
 .init          0x08000000      0x210 c:/devkitpro/devkitarm/bin/../lib/gcc/arm-eabi/4.5.1/../../../../arm-eabi/lib/thumb/gba_crt0.o
                0x08000000                _start
                0x080000c4                __boot_method
                0x080000c5                __slave_number
                0x080000e0                start_vector
 .init          0x08000210        0x4 c:/devkitpro/devkitarm/bin/../lib/gcc/arm-eabi/4.5.1/thumb/crti.o
                0x08000210                _init
 .init          0x08000214        0x8 c:/devkitpro/devkitarm/bin/../lib/gcc/arm-eabi/4.5.1/thumb/crtn.o
                0x0800021c                . = ALIGN (0x4)

.plt            0x0800021c        0x0
 *(.plt)
                0x0800021c                . = ALIGN (0x4)

.text           0x08000220     0x19f8
 *(EXCLUDE_FILE(*.iwram*) .text)
 .text          0x08000220        0x0 c:/devkitpro/devkitarm/bin/../lib/gcc/arm-eabi/4.5.1/../../../../arm-eabi/lib/thumb/gba_crt0.o
 .text          0x08000220        0x0 c:/devkitpro/devkitarm/bin/../lib/gcc/arm-eabi/4.5.1/thumb/crti.o
 .text          0x08000220       0x6c c:/devkitpro/devkitarm/bin/../lib/gcc/arm-eabi/4.5.1/thumb/crtbegin.o
 .text          0x0800028c     0x1794 main.o
                0x0800028c                DrawPixel3
                0x080002a4                CheckButtons
                0x08000330                Pressed
                0x080003b4                DrawLine3
                0x080004c8                DrawCircle3
                0x08000634                DrawCircleFull3
                0x08000948                DrawBox3
                0x08000a24                DrawBoxEmpty3
                0x08000cdc                DrawPixel4
                0x08000d18                WaitVBlank
                0x08000d2c                FlipPage
                0x08000d58                DrawBmp4
                0x08000e18                DrawBmp3
                0x08000ea8                DrawChar
                0x08000f44                findOffset
                0x08000fd4                Print
                0x08001178                DMAFastCopy
                0x080011b0                UpdateSpriteMemory
                0x080011dc                isValidMapPosition
                0x0800120c                SetSpritePos
                0x08001228                DrawSprite
                0x0800124c                DrawMoveableSquares
                0x0800133c                DrawMoveableArea
                0x0800136c                main
                0x080019e8                DrawMoveableSquare
 .text          0x08001a20        0x0 bluetile.o
 .text          0x08001a20        0x0 gravedemo.o
 .text          0x08001a20        0x0 gravedemoshadow.o
 .text          0x08001a20        0x0 tanksprites.o
 .text          0x08001a20      0x150 c:/devkitpro/devkitarm/bin/../lib/gcc/arm-eabi/4.5.1/thumb\libgcc.a(_divsi3.o)
                0x08001a20                __divsi3
                0x08001a20                __aeabi_idiv
                0x08001b50                __aeabi_idivmod
 .text          0x08001b70        0x4 c:/devkitpro/devkitarm/bin/../lib/gcc/arm-eabi/4.5.1/thumb\libgcc.a(_dvmd_tls.o)
                0x08001b70                __aeabi_idiv0
                0x08001b70                __aeabi_ldiv0
 .text          0x08001b74       0x88 c:/devkitpro/devkitarm/bin/../lib/gcc/arm-eabi/4.5.1/../../../../arm-eabi/lib/thumb\libg.a(lib_a-init.o)
                0x08001b74                __libc_init_array
                0x08001bc4                __libc_fini_array
 .text          0x08001bfc        0x0 c:/devkitpro/devkitarm/bin/../lib/gcc/arm-eabi/4.5.1/../../../../arm-eabi/lib/thumb\libsysbase.a(malloc_vars.o)
 .text          0x08001bfc        0x0 c:/devkitpro/devkitarm/bin/../lib/gcc/arm-eabi/4.5.1/thumb/crtend.o
 .text          0x08001bfc        0x0 c:/devkitpro/devkitarm/bin/../lib/gcc/arm-eabi/4.5.1/thumb/crtn.o
 *fill*         0x08001bfc        0x4 ff
 .text.stub     0x08001c00       0x14 linker stubs
 *(.text .stub .text.* .gnu.linkonce.t.*)
 *(.text.*personality*)
 *(.gnu.warning)
 *(.glue_7t)
 .glue_7t       0x00000000        0x0 linker stubs
 *(.glue_7)
 .glue_7        0x00000000        0x0 linker stubs
 *(.vfp11_veneer)
 .vfp11_veneer  0x00000000        0x0 linker stubs
                0x08001c14                . = ALIGN (0x4)
                0x08001c14                __text_end = .

.v4_bx          0x08001c18        0x0
 .v4_bx         0x00000000        0x0 linker stubs

.fini           0x08001c18        0xc
 *(.fini)
 .fini          0x08001c18        0x4 c:/devkitpro/devkitarm/bin/../lib/gcc/arm-eabi/4.5.1/thumb/crti.o
                0x08001c18                _fini
 .fini          0x08001c1c        0x8 c:/devkitpro/devkitarm/bin/../lib/gcc/arm-eabi/4.5.1/thumb/crtn.o
                0x08001c24                . = ALIGN (0x4)

.rodata         0x08001c24     0x875c
 *(.rodata)
 .rodata        0x08001c24     0x2214 main.o
                0x08001c24                robotPalette
                0x08001e24                robotData
                0x08003e24                screen_width
                0x08003e28                screen_height
                0x08003e2c                map_width
                0x08003e30                map_height
                0x08003e34                bgtiles
 .rodata        0x08003e38      0x288 bluetile.o
                0x08003e38                bluetileTiles
                0x08003eb8                bluetileMap
                0x08003ec0                bluetilePal
 .rodata        0x080040c0     0x3d40 gravedemo.o
                0x080040c0                gravedemoTiles
                0x08005c00                gravedemoMap
                0x08007c00                gravedemoPal
 .rodata        0x08007e00     0x2280 gravedemoshadow.o
                0x08007e00                gravedemoshadowTiles
                0x08007e80                gravedemoshadowMap
                0x08009e80                gravedemoshadowPal
 .rodata        0x0800a080      0x300 tanksprites.o
                0x0800a080                tankspritesTiles
                0x0800a180                tankspritesPal
 *all.rodata*(*)
 *(.roda)
 *(.rodata.*)
 *(.gnu.linkonce.r*)
                0x0800a380                . = ALIGN (0x4)

.ARM.extab
 *(.ARM.extab* .gnu.linkonce.armextab.*)
                0x0800a380                __exidx_start = .

.ARM.exidx
 *(.ARM.exidx* .gnu.linkonce.armexidx.*)
                0x0800a380                __exidx_end = .

.ctors          0x0800a380        0x0
 *crtbegin.o(.ctors)
 *(EXCLUDE_FILE(*crtend.o) .ctors)
 *(SORT(.ctors.*))
 *(.ctors)
                0x0800a380                . = ALIGN (0x4)

.dtors          0x0800a380        0x0
 *crtbegin.o(.dtors)
 *(EXCLUDE_FILE(*crtend.o) .dtors)
 *(SORT(.dtors.*))
 *(.dtors)
                0x0800a380                . = ALIGN (0x4)

.eh_frame       0x0800a380        0x4
 *(.eh_frame)
 .eh_frame      0x0800a380        0x0 c:/devkitpro/devkitarm/bin/../lib/gcc/arm-eabi/4.5.1/thumb/crtbegin.o
 .eh_frame      0x0800a380        0x4 c:/devkitpro/devkitarm/bin/../lib/gcc/arm-eabi/4.5.1/thumb/crtend.o
                0x0800a384                . = ALIGN (0x4)

.gcc_except_table
                0x0800a384        0x0
 *(.gcc_except_table)
                0x0800a384                . = ALIGN (0x4)
                0x0800a384                __iwram_lma = .

.iwram          0x03000000        0x0 load address 0x0800a384
                0x03000000                __iwram_start = ABSOLUTE (.)
 *(.iwram)
 *iwram.*(.text)
                0x03000000                . = ALIGN (0x4)
                0x03000000                __iwram_end = ABSOLUTE (.)
                0x0800a384                __data_lma = (__iwram_lma + SIZEOF (.iwram))

.bss            0x03000000     0x125c
                0x03000000                __bss_start = ABSOLUTE (.)
                0x03000000                __bss_start__ = ABSOLUTE (.)
 *(.dynbss)
 *(.gnu.linkonce.b*)
 *(.bss*)
 .bss           0x03000000        0x0 c:/devkitpro/devkitarm/bin/../lib/gcc/arm-eabi/4.5.1/../../../../arm-eabi/lib/thumb/gba_crt0.o
 .bss           0x03000000        0x0 c:/devkitpro/devkitarm/bin/../lib/gcc/arm-eabi/4.5.1/thumb/crti.o
 .bss           0x03000000       0x1c c:/devkitpro/devkitarm/bin/../lib/gcc/arm-eabi/4.5.1/thumb/crtbegin.o
 .bss           0x0300001c        0x0 main.o
 .bss           0x0300001c        0x0 bluetile.o
 .bss           0x0300001c        0x0 gravedemo.o
 .bss           0x0300001c        0x0 gravedemoshadow.o
 .bss           0x0300001c        0x0 tanksprites.o
 .bss           0x0300001c        0x0 c:/devkitpro/devkitarm/bin/../lib/gcc/arm-eabi/4.5.1/thumb\libgcc.a(_divsi3.o)
 .bss           0x0300001c        0x0 c:/devkitpro/devkitarm/bin/../lib/gcc/arm-eabi/4.5.1/thumb\libgcc.a(_dvmd_tls.o)
 .bss           0x0300001c        0x0 c:/devkitpro/devkitarm/bin/../lib/gcc/arm-eabi/4.5.1/../../../../arm-eabi/lib/thumb\libg.a(lib_a-init.o)
 .bss           0x0300001c        0x8 c:/devkitpro/devkitarm/bin/../lib/gcc/arm-eabi/4.5.1/../../../../arm-eabi/lib/thumb\libsysbase.a(malloc_vars.o)
                0x0300001c                fake_heap_end
                0x03000020                fake_heap_start
 .bss           0x03000024        0x0 c:/devkitpro/devkitarm/bin/../lib/gcc/arm-eabi/4.5.1/thumb/crtend.o
 .bss           0x03000024        0x0 c:/devkitpro/devkitarm/bin/../lib/gcc/arm-eabi/4.5.1/thumb/crtn.o
 *(COMMON)
 COMMON         0x03000024     0x1238 main.o
                0x03000024                sprites
                0x03000424                yi
                0x03000428                mysprites
                0x03001228                mtw
                0x0300122c                buttons
                0x03001254                mth
                0x03001258                xi
                0x0300125c                . = ALIGN (0x4)
                0x0300125c                __bss_end = ABSOLUTE (.)
                0x0300125c                __bss_end__ = __bss_end

.data           0x0300125c     0x1fa4 load address 0x0800a384
                0x0300125c                __data_start = ABSOLUTE (.)
 *(.data)
 .data          0x0300125c        0x0 c:/devkitpro/devkitarm/bin/../lib/gcc/arm-eabi/4.5.1/../../../../arm-eabi/lib/thumb/gba_crt0.o
 .data          0x0300125c        0x0 c:/devkitpro/devkitarm/bin/../lib/gcc/arm-eabi/4.5.1/thumb/crti.o
 .data          0x0300125c        0x4 c:/devkitpro/devkitarm/bin/../lib/gcc/arm-eabi/4.5.1/thumb/crtbegin.o
                0x0300125c                __dso_handle
 .data          0x03001260     0x1fa0 main.o
                0x03001260                videoBuffer
                0x03001264                BUTTONS
                0x03001268                ScanlineCounter
                0x0300126c                BackBuffer
                0x03001270                FrontBuffer
                0x03001274                font
                0x030031f4                bg2map
                0x030031f8                bg3map
                0x030031fc                paletteMem
 .data          0x03003200        0x0 bluetile.o
 .data          0x03003200        0x0 gravedemo.o
 .data          0x03003200        0x0 gravedemoshadow.o
 .data          0x03003200        0x0 tanksprites.o
 .data          0x03003200        0x0 c:/devkitpro/devkitarm/bin/../lib/gcc/arm-eabi/4.5.1/thumb\libgcc.a(_divsi3.o)
 .data          0x03003200        0x0 c:/devkitpro/devkitarm/bin/../lib/gcc/arm-eabi/4.5.1/thumb\libgcc.a(_dvmd_tls.o)
 .data          0x03003200        0x0 c:/devkitpro/devkitarm/bin/../lib/gcc/arm-eabi/4.5.1/../../../../arm-eabi/lib/thumb\libg.a(lib_a-init.o)
 .data          0x03003200        0x0 c:/devkitpro/devkitarm/bin/../lib/gcc/arm-eabi/4.5.1/../../../../arm-eabi/lib/thumb\libsysbase.a(malloc_vars.o)
 .data          0x03003200        0x0 c:/devkitpro/devkitarm/bin/../lib/gcc/arm-eabi/4.5.1/thumb/crtend.o
 .data          0x03003200        0x0 c:/devkitpro/devkitarm/bin/../lib/gcc/arm-eabi/4.5.1/thumb/crtn.o
 *(.data.*)
 *(.gnu.linkonce.d*)
                0x03003200                . = ALIGN (0x4)
                0x0800c328                __preinit_lma = (__data_lma + SIZEOF (.data))
                0x03003200                PROVIDE (__preinit_array_start, .)

.preinit_array  0x03003200        0x0 load address 0x0800c328
 *(.preinit_array)
                0x03003200                PROVIDE (__preinit_array_end, .)
                0x0800c328                __init_lma = (__preinit_lma + SIZEOF (.preinit_array))
                0x03003200                PROVIDE (__init_array_start, .)

.init_array     0x03003200        0x4 load address 0x0800c328
 *(SORT(.init_array.*))
 *(.init_array)
 .init_array    0x03003200        0x4 c:/devkitpro/devkitarm/bin/../lib/gcc/arm-eabi/4.5.1/thumb/crtbegin.o
                0x03003204                PROVIDE (__init_array_end, .)
                0x03003204                PROVIDE (__fini_array_start, .)
                0x0800c32c                __fini_lma = (__init_lma + SIZEOF (.init_array))

.fini_array     0x03003204        0x4 load address 0x0800c32c
 *(SORT(.fini_array.*))
 *(.fini_array)
 .fini_array    0x03003204        0x4 c:/devkitpro/devkitarm/bin/../lib/gcc/arm-eabi/4.5.1/thumb/crtbegin.o
                0x03003208                PROVIDE (__fini_array_end, .)
                0x0800c330                __jcr_lma = (__fini_lma + SIZEOF (.fini_array))

.jcr            0x03003208        0x4 load address 0x0800c330
 *(.jcr)
 .jcr           0x03003208        0x0 c:/devkitpro/devkitarm/bin/../lib/gcc/arm-eabi/4.5.1/thumb/crtbegin.o
 .jcr           0x03003208        0x4 c:/devkitpro/devkitarm/bin/../lib/gcc/arm-eabi/4.5.1/thumb/crtend.o
                0x0300320c                __data_end = ABSOLUTE (.)
                0x0800c334                __iwram_overlay_lma = (__jcr_lma + SIZEOF (.jcr))
                0x0300320c                __iwram_overlay_start = .

.iwram0         0x0300320c        0x0 load address 0x0800c334
 *(.iwram0)
                0x0300320c                . = ALIGN (0x4)
                0x0800c334                PROVIDE (__load_start_iwram0, LOADADDR (.iwram0))
                0x0800c334                PROVIDE (__load_stop_iwram0, (LOADADDR (.iwram0) + SIZEOF (.iwram0)))

.iwram1         0x0300320c        0x0
 *(.iwram1)
                0x0300320c                . = ALIGN (0x4)
                0x0300320c                PROVIDE (__load_start_iwram1, LOADADDR (.iwram1))
                0x0300320c                PROVIDE (__load_stop_iwram1, (LOADADDR (.iwram1) + SIZEOF (.iwram1)))

.iwram2         0x0300320c        0x0
 *(.iwram2)
                0x0300320c                . = ALIGN (0x4)
                0x0300320c                PROVIDE (__load_start_iwram2, LOADADDR (.iwram2))
                0x0300320c                PROVIDE (__load_stop_iwram2, (LOADADDR (.iwram2) + SIZEOF (.iwram2)))

.iwram3         0x0300320c        0x0
 *(.iwram3)
                0x0300320c                . = ALIGN (0x4)
                0x0300320c                PROVIDE (__load_start_iwram3, LOADADDR (.iwram3))
                0x0300320c                PROVIDE (__load_stop_iwram3, (LOADADDR (.iwram3) + SIZEOF (.iwram3)))

.iwram4         0x0300320c        0x0
 *(.iwram4)
                0x0300320c                . = ALIGN (0x4)
                0x0300320c                PROVIDE (__load_start_iwram4, LOADADDR (.iwram4))
                0x0300320c                PROVIDE (__load_stop_iwram4, (LOADADDR (.iwram4) + SIZEOF (.iwram4)))

.iwram5         0x0300320c        0x0
 *(.iwram5)
                0x0300320c                . = ALIGN (0x4)
                0x0300320c                PROVIDE (__load_start_iwram5, LOADADDR (.iwram5))
                0x0300320c                PROVIDE (__load_stop_iwram5, (LOADADDR (.iwram5) + SIZEOF (.iwram5)))

.iwram6         0x0300320c        0x0
 *(.iwram6)
                0x0300320c                . = ALIGN (0x4)
                0x0300320c                PROVIDE (__load_start_iwram6, LOADADDR (.iwram6))
                0x0300320c                PROVIDE (__load_stop_iwram6, (LOADADDR (.iwram6) + SIZEOF (.iwram6)))

.iwram7         0x0300320c        0x0
 *(.iwram7)
                0x0300320c                . = ALIGN (0x4)
                0x0300320c                PROVIDE (__load_start_iwram7, LOADADDR (.iwram7))
                0x0300320c                PROVIDE (__load_stop_iwram7, (LOADADDR (.iwram7) + SIZEOF (.iwram7)))

.iwram8         0x0300320c        0x0
 *(.iwram8)
                0x0300320c                . = ALIGN (0x4)
                0x0300320c                PROVIDE (__load_start_iwram8, LOADADDR (.iwram8))
                0x0300320c                PROVIDE (__load_stop_iwram8, (LOADADDR (.iwram8) + SIZEOF (.iwram8)))

.iwram9         0x0300320c        0x0
 *(.iwram9)
                0x0300320c                . = ALIGN (0x4)
                0x0300320c                PROVIDE (__load_start_iwram9, LOADADDR (.iwram9))
                0x0300320c                PROVIDE (__load_stop_iwram9, (LOADADDR (.iwram9) + SIZEOF (.iwram9)))
                0x0300320c                __iwram_overlay_end = .
                0x0800c334                __ewram_lma = (__iwram_overlay_lma + (__iwram_overlay_end - __iwram_overlay_start))
                0x0300320c                __iheap_start = .
                0x02000000                __ewram_start = 0x2000000

.ewram          0x02000000        0x0 load address 0x0800c334
 *(.ewram)
                0x02000000                . = ALIGN (0x4)
                0x0800c334                __pad_lma = (__ewram_lma + SIZEOF (.ewram))

.sbss           0x02000000        0x0
                0x02000000                __sbss_start = ABSOLUTE (.)
 *(.sbss)
                0x02000000                . = ALIGN (0x4)
                0x02000000                __sbss_end = ABSOLUTE (.)
                0x02000000                __ewram_end = __sbss_end
                0x02000000                __eheap_start = __sbss_end
                0x02000000                __end__ = __sbss_end

.pad            0x02000000        0x8 load address 0x0800c334
                0x02000000        0x4 LONG 0x52416b64
                0x02000004        0x4 LONG 0x4d
                0x02000008                . = ALIGN (0x4)
                0x0800c33c                __rom_end__ = (__pad_lma + SIZEOF (.pad))

.stab
 *(.stab)

.stabstr
 *(.stabstr)

.stab.excl
 *(.stab.excl)

.stab.exclstr
 *(.stab.exclstr)

.stab.index
 *(.stab.index)

.stab.indexstr
 *(.stab.indexstr)

.comment        0x00000000       0x22
 *(.comment)
 .comment       0x00000000       0x22 c:/devkitpro/devkitarm/bin/../lib/gcc/arm-eabi/4.5.1/thumb/crtbegin.o
                                 0x23 (size before relaxing)
 .comment       0x00000000       0x23 main.o
 .comment       0x00000000       0x23 bluetile.o
 .comment       0x00000000       0x23 gravedemo.o
 .comment       0x00000000       0x23 gravedemoshadow.o
 .comment       0x00000000       0x23 tanksprites.o
 .comment       0x00000000       0x23 c:/devkitpro/devkitarm/bin/../lib/gcc/arm-eabi/4.5.1/../../../../arm-eabi/lib/thumb\libg.a(lib_a-init.o)
 .comment       0x00000000       0x23 c:/devkitpro/devkitarm/bin/../lib/gcc/arm-eabi/4.5.1/../../../../arm-eabi/lib/thumb\libsysbase.a(malloc_vars.o)
 .comment       0x00000000       0x23 c:/devkitpro/devkitarm/bin/../lib/gcc/arm-eabi/4.5.1/thumb/crtend.o

.debug
 *(.debug)

.line
 *(.line)

.debug_srcinfo
 *(.debug_srcinfo)

.debug_sfnames
 *(.debug_sfnames)

.debug_aranges  0x00000000       0x20
 *(.debug_aranges)
 .debug_aranges
                0x00000000       0x20 main.o

.debug_pubnames
                0x00000000      0x3ef
 *(.debug_pubnames)
 .debug_pubnames
                0x00000000      0x2d1 main.o
 .debug_pubnames
                0x000002d1       0x44 bluetile.o
 .debug_pubnames
                0x00000315       0x47 gravedemo.o
 .debug_pubnames
                0x0000035c       0x59 gravedemoshadow.o
 .debug_pubnames
                0x000003b5       0x3a tanksprites.o

.debug_info     0x00000000     0x2145
 *(.debug_info)
 .debug_info    0x00000000     0x1ed2 main.o
 .debug_info    0x00001ed2       0xa5 bluetile.o
 .debug_info    0x00001f77       0xa9 gravedemo.o
 .debug_info    0x00002020       0xa7 gravedemoshadow.o
 .debug_info    0x000020c7       0x7e tanksprites.o

.debug_abbrev   0x00000000      0x566
 *(.debug_abbrev)
 .debug_abbrev  0x00000000      0x416 main.o
 .debug_abbrev  0x00000416       0x47 bluetile.o
 .debug_abbrev  0x0000045d       0x61 gravedemo.o
 .debug_abbrev  0x000004be       0x61 gravedemoshadow.o
 .debug_abbrev  0x0000051f       0x47 tanksprites.o

.debug_line     0x00000000      0xb3c
 *(.debug_line)
 .debug_line    0x00000000      0xa01 main.o
 .debug_line    0x00000a01       0x4c bluetile.o
 .debug_line    0x00000a4d       0x4d gravedemo.o
 .debug_line    0x00000a9a       0x53 gravedemoshadow.o
 .debug_line    0x00000aed       0x4f tanksprites.o

.debug_frame    0x00000000      0x338
 *(.debug_frame)
 .debug_frame   0x00000000      0x338 main.o

.debug_str      0x00000000      0x538
 *(.debug_str)
 .debug_str     0x00000000      0x429 main.o
                                0x4a0 (size before relaxing)
 .debug_str     0x00000429       0x38 bluetile.o
                                 0x7e (size before relaxing)
 .debug_str     0x00000461       0x2d gravedemo.o
                                 0x82 (size before relaxing)
 .debug_str     0x0000048e       0x5b gravedemoshadow.o
                                 0x9a (size before relaxing)
 .debug_str     0x000004e9       0x4f tanksprites.o
                                 0x7b (size before relaxing)

.debug_loc      0x00000000     0x3498
 *(.debug_loc)
 .debug_loc     0x00000000     0x3498 main.o

.debug_macinfo
 *(.debug_macinfo)

.debug_weaknames
 *(.debug_weaknames)

.debug_funcnames
 *(.debug_funcnames)

.debug_typenames
 *(.debug_typenames)

.debug_varnames
 *(.debug_varnames)

.stack          0x00080000        0x0
                0x00080000                _stack = .
 *(.stack)

.note.gnu.arm.ident
 *(.note.gnu.arm.ident)

.ARM.attributes
                0x00000000       0x2c
 *(.ARM.attributes)
 .ARM.attributes
                0x00000000       0x20 c:/devkitpro/devkitarm/bin/../lib/gcc/arm-eabi/4.5.1/../../../../arm-eabi/lib/thumb/gba_crt0.o
 .ARM.attributes
                0x00000020       0x20 c:/devkitpro/devkitarm/bin/../lib/gcc/arm-eabi/4.5.1/thumb/crti.o
 .ARM.attributes
                0x00000040       0x30 c:/devkitpro/devkitarm/bin/../lib/gcc/arm-eabi/4.5.1/thumb/crtbegin.o
 .ARM.attributes
                0x00000070       0x2c main.o
 .ARM.attributes
                0x0000009c       0x2c bluetile.o
 .ARM.attributes
                0x000000c8       0x2c gravedemo.o
 .ARM.attributes
                0x000000f4       0x2c gravedemoshadow.o
 .ARM.attributes
                0x00000120       0x2c tanksprites.o
 .ARM.attributes
                0x0000014c       0x22 c:/devkitpro/devkitarm/bin/../lib/gcc/arm-eabi/4.5.1/thumb\libgcc.a(_divsi3.o)
 .ARM.attributes
                0x0000016e       0x22 c:/devkitpro/devkitarm/bin/../lib/gcc/arm-eabi/4.5.1/thumb\libgcc.a(_dvmd_tls.o)
 .ARM.attributes
                0x00000190       0x30 c:/devkitpro/devkitarm/bin/../lib/gcc/arm-eabi/4.5.1/../../../../arm-eabi/lib/thumb\libg.a(lib_a-init.o)
 .ARM.attributes
                0x000001c0       0x30 c:/devkitpro/devkitarm/bin/../lib/gcc/arm-eabi/4.5.1/../../../../arm-eabi/lib/thumb\libsysbase.a(malloc_vars.o)
 .ARM.attributes
                0x000001f0       0x30 c:/devkitpro/devkitarm/bin/../lib/gcc/arm-eabi/4.5.1/thumb/crtend.o
 .ARM.attributes
                0x00000220       0x20 c:/devkitpro/devkitarm/bin/../lib/gcc/arm-eabi/4.5.1/thumb/crtn.o

/DISCARD/
 *(.note.GNU-stack)
LOAD c:/devkitpro/devkitarm/bin/../lib/gcc/arm-eabi/4.5.1/../../../../arm-eabi/lib/thumb/gba_crt0.o
LOAD c:/devkitpro/devkitarm/bin/../lib/gcc/arm-eabi/4.5.1/thumb/crti.o
LOAD c:/devkitpro/devkitarm/bin/../lib/gcc/arm-eabi/4.5.1/thumb/crtbegin.o
LOAD main.o
LOAD bluetile.o
LOAD gravedemo.o
LOAD gravedemoshadow.o
LOAD tanksprites.o
LOAD c:/devkitPro/libgba/lib\libgba.a
START GROUP
LOAD c:/devkitpro/devkitarm/bin/../lib/gcc/arm-eabi/4.5.1/thumb\libgcc.a
LOAD c:/devkitpro/devkitarm/bin/../lib/gcc/arm-eabi/4.5.1/../../../../arm-eabi/lib/thumb\libg.a
LOAD c:/devkitpro/devkitarm/bin/../lib/gcc/arm-eabi/4.5.1/../../../../arm-eabi/lib/thumb\libc.a
LOAD c:/devkitpro/devkitarm/bin/../lib/gcc/arm-eabi/4.5.1/../../../../arm-eabi/lib/thumb\libsysbase.a
END GROUP
LOAD c:/devkitpro/devkitarm/bin/../lib/gcc/arm-eabi/4.5.1/thumb/crtend.o
LOAD c:/devkitpro/devkitarm/bin/../lib/gcc/arm-eabi/4.5.1/thumb/crtn.o
OUTPUT(c:/GBA/team_proj/team_proj.elf elf32-littlearm)

.debug_pubtypes
                0x00000000       0x52
 .debug_pubtypes
                0x00000000       0x52 main.o

.debug_ranges   0x00000000      0x6c0
 .debug_ranges  0x00000000      0x6c0 main.o
